Archive member included because of file (symbol)

c:/program files (x86)/atmel/studio/7.0/toolchain/arm/arm-gnu-toolchain/bin/../lib/gcc/arm-none-eabi/4.9.3/armv6-m\libgcc.a(_udivsi3.o)
                              src/ASF/sam0/drivers/sercom/i2c/i2c_sam0/i2c_master.o (__aeabi_uidiv)
c:/program files (x86)/atmel/studio/7.0/toolchain/arm/arm-gnu-toolchain/bin/../lib/gcc/arm-none-eabi/4.9.3/armv6-m\libgcc.a(_divsi3.o)
                              src/ASF/sam0/drivers/sercom/i2c/i2c_sam0/i2c_master.o (__aeabi_idiv)
c:/program files (x86)/atmel/studio/7.0/toolchain/arm/arm-gnu-toolchain/bin/../lib/gcc/arm-none-eabi/4.9.3/armv6-m\libgcc.a(_dvmd_tls.o)
                              c:/program files (x86)/atmel/studio/7.0/toolchain/arm/arm-gnu-toolchain/bin/../lib/gcc/arm-none-eabi/4.9.3/armv6-m\libgcc.a(_udivsi3.o) (__aeabi_idiv0)
c:/program files (x86)/atmel/studio/7.0/toolchain/arm/arm-gnu-toolchain/bin/../lib/gcc/arm-none-eabi/4.9.3/armv6-m\libgcc.a(_muldi3.o)
                              src/ASF/sam0/drivers/sercom/sercom.o (__aeabi_lmul)
c:/program files (x86)/atmel/studio/7.0/toolchain/arm/arm-gnu-toolchain/bin/../lib/gcc/arm-none-eabi/4.9.3/../../../../arm-none-eabi/lib/armv6-m\libc_nano.a(lib_a-exit.o)
                              c:/program files (x86)/atmel/studio/7.0/toolchain/arm/arm-gnu-toolchain/bin/../lib/gcc/arm-none-eabi/4.9.3/../../../../arm-none-eabi/lib/armv6-m/crt0.o (exit)
c:/program files (x86)/atmel/studio/7.0/toolchain/arm/arm-gnu-toolchain/bin/../lib/gcc/arm-none-eabi/4.9.3/../../../../arm-none-eabi/lib/armv6-m\libc_nano.a(lib_a-impure.o)
                              c:/program files (x86)/atmel/studio/7.0/toolchain/arm/arm-gnu-toolchain/bin/../lib/gcc/arm-none-eabi/4.9.3/../../../../arm-none-eabi/lib/armv6-m\libc_nano.a(lib_a-exit.o) (_global_impure_ptr)
c:/program files (x86)/atmel/studio/7.0/toolchain/arm/arm-gnu-toolchain/bin/../lib/gcc/arm-none-eabi/4.9.3/../../../../arm-none-eabi/lib/armv6-m\libc_nano.a(lib_a-init.o)
                              c:/program files (x86)/atmel/studio/7.0/toolchain/arm/arm-gnu-toolchain/bin/../lib/gcc/arm-none-eabi/4.9.3/../../../../arm-none-eabi/lib/armv6-m/crt0.o (__libc_init_array)
c:/program files (x86)/atmel/studio/7.0/toolchain/arm/arm-gnu-toolchain/bin/../lib/gcc/arm-none-eabi/4.9.3/../../../../arm-none-eabi/lib/armv6-m\libc_nano.a(lib_a-memcpy.o)
                              src/ADT7420.o (memcpy)
c:/program files (x86)/atmel/studio/7.0/toolchain/arm/arm-gnu-toolchain/bin/../lib/gcc/arm-none-eabi/4.9.3/../../../../arm-none-eabi/lib/armv6-m\libc_nano.a(lib_a-memset.o)
                              c:/program files (x86)/atmel/studio/7.0/toolchain/arm/arm-gnu-toolchain/bin/../lib/gcc/arm-none-eabi/4.9.3/../../../../arm-none-eabi/lib/armv6-m/crt0.o (memset)
c:/program files (x86)/atmel/studio/7.0/toolchain/arm/arm-gnu-toolchain/bin/../lib/gcc/arm-none-eabi/4.9.3/../../../../arm-none-eabi/lib/armv6-m\libc_nano.a(lib_a-printf.o)
                              src/ASF/sam0/utils/syscalls/gcc/syscalls.o (printf)
c:/program files (x86)/atmel/studio/7.0/toolchain/arm/arm-gnu-toolchain/bin/../lib/gcc/arm-none-eabi/4.9.3/../../../../arm-none-eabi/lib/armv6-m\libc_nano.a(lib_a-sprintf.o)
                              src/SP1ML.o (sprintf)
c:/program files (x86)/atmel/studio/7.0/toolchain/arm/arm-gnu-toolchain/bin/../lib/gcc/arm-none-eabi/4.9.3/../../../../arm-none-eabi/lib/armv6-m\libc_nano.a(lib_a-findfp.o)
                              c:/program files (x86)/atmel/studio/7.0/toolchain/arm/arm-gnu-toolchain/bin/../lib/gcc/arm-none-eabi/4.9.3/../../../../arm-none-eabi/lib/armv6-m\libc_nano.a(lib_a-printf.o) (__sinit)
c:/program files (x86)/atmel/studio/7.0/toolchain/arm/arm-gnu-toolchain/bin/../lib/gcc/arm-none-eabi/4.9.3/../../../../arm-none-eabi/lib/armv6-m\libc_nano.a(lib_a-fwalk.o)
                              c:/program files (x86)/atmel/studio/7.0/toolchain/arm/arm-gnu-toolchain/bin/../lib/gcc/arm-none-eabi/4.9.3/../../../../arm-none-eabi/lib/armv6-m\libc_nano.a(lib_a-findfp.o) (_fwalk)
c:/program files (x86)/atmel/studio/7.0/toolchain/arm/arm-gnu-toolchain/bin/../lib/gcc/arm-none-eabi/4.9.3/../../../../arm-none-eabi/lib/armv6-m\libc_nano.a(lib_a-nano-mallocr.o)
                              c:/program files (x86)/atmel/studio/7.0/toolchain/arm/arm-gnu-toolchain/bin/../lib/gcc/arm-none-eabi/4.9.3/../../../../arm-none-eabi/lib/armv6-m\libc_nano.a(lib_a-findfp.o) (_malloc_r)
c:/program files (x86)/atmel/studio/7.0/toolchain/arm/arm-gnu-toolchain/bin/../lib/gcc/arm-none-eabi/4.9.3/../../../../arm-none-eabi/lib/armv6-m\libc_nano.a(lib_a-nano-svfprintf.o)
                              c:/program files (x86)/atmel/studio/7.0/toolchain/arm/arm-gnu-toolchain/bin/../lib/gcc/arm-none-eabi/4.9.3/../../../../arm-none-eabi/lib/armv6-m\libc_nano.a(lib_a-sprintf.o) (_svfprintf_r)
c:/program files (x86)/atmel/studio/7.0/toolchain/arm/arm-gnu-toolchain/bin/../lib/gcc/arm-none-eabi/4.9.3/../../../../arm-none-eabi/lib/armv6-m\libc_nano.a(lib_a-nano-vfprintf.o)
[...]
Memory Configuration

Name             Origin             Length             Attributes
rom              0x00000000         0x00040000         xr
ram              0x20000000         0x00008000         xrw
lpram            0x30000000         0x00002000         xrw
*default*        0x00000000         0xffffffff

Linker script and memory map

LOAD c:/program files (x86)/atmel/studio/7.0/toolchain/arm/arm-gnu-toolchain/bin/../lib/gcc/arm-none-eabi/4.9.3/armv6-m/crti.o
LOAD c:/program files (x86)/atmel/studio/7.0/toolchain/arm/arm-gnu-toolchain/bin/../lib/gcc/arm-none-eabi/4.9.3/armv6-m/crtbegin.o
LOAD c:/program files (x86)/atmel/studio/7.0/toolchain/arm/arm-gnu-toolchain/bin/../lib/gcc/arm-none-eabi/4.9.3/../../../../arm-none-eabi/lib/armv6-m/crt0.o
LOAD src/ADT7420.o
LOAD src/ASF/common/services/sleepmgr/saml/sleepmgr.o
LOAD src/ASF/sam0/drivers/events/events_hooks.o
LOAD src/ASF/sam0/drivers/events/events_sam_l_c/events.o
LOAD src/ASF/sam0/drivers/extint/extint_callback.o
LOAD src/ASF/sam0/drivers/extint/extint_sam_l_c/extint.o
LOAD src/ASF/sam0/drivers/port/port.o
LOAD src/ASF/sam0/drivers/sercom/i2c/i2c_sam0/i2c_master.o
LOAD src/ASF/sam0/drivers/sercom/sercom.o
LOAD src/HAL.o
LOAD src/SP1ML.o
LOAD src/ASF/sam0/drivers/sercom/usart/usart.o
LOAD src/ASF/common2/boards/user_board/init.o
LOAD src/ASF/common/utils/interrupt/interrupt_sam_nvic.o
LOAD src/ASF/sam0/drivers/system/clock/clock_saml21/clock.o
LOAD src/ASF/sam0/drivers/system/clock/clock_saml21/gclk.o
LOAD src/ASF/sam0/drivers/system/interrupt/system_interrupt.o
LOAD src/ASF/sam0/drivers/system/pinmux/pinmux.o
LOAD src/ASF/sam0/drivers/system/system.o
LOAD src/ASF/sam0/utils/cmsis/saml21/source/gcc/startup_saml21.o
LOAD src/ASF/sam0/utils/cmsis/saml21/source/system_saml21.o
LOAD src/ASF/sam0/utils/syscalls/gcc/syscalls.o
LOAD src/main.o
START GROUP
LOAD ../src/ASF/thirdparty/CMSIS/Lib/GCC\libarm_cortexM0l_math.a
LOAD c:/program files (x86)/atmel/studio/7.0/toolchain/arm/arm-gnu-toolchain/bin/../lib/gcc/arm-none-eabi/4.9.3/../../../../arm-none-eabi/lib/armv6-m\libm.a
END GROUP
START GROUP
LOAD c:/program files (x86)/atmel/studio/7.0/toolchain/arm/arm-gnu-toolchain/bin/../lib/gcc/arm-none-eabi/4.9.3/armv6-m\libgcc.a
LOAD c:/program files (x86)/atmel/studio/7.0/toolchain/arm/arm-gnu-toolchain/bin/../lib/gcc/arm-none-eabi/4.9.3/../../../../arm-none-eabi/lib/armv6-m\libc_nano.a
END GROUP
START GROUP
LOAD c:/program files (x86)/atmel/studio/7.0/toolchain/arm/arm-gnu-toolchain/bin/../lib/gcc/arm-none-eabi/4.9.3/armv6-m\libgcc.a
LOAD c:/program files (x86)/atmel/studio/7.0/toolchain/arm/arm-gnu-toolchain/bin/../lib/gcc/arm-none-eabi/4.9.3/../../../../arm-none-eabi/lib/armv6-m\libc_nano.a
END GROUP
LOAD c:/program files (x86)/atmel/studio/7.0/toolchain/arm/arm-gnu-toolchain/bin/../lib/gcc/arm-none-eabi/4.9.3/armv6-m/crtend.o
LOAD c:/program files (x86)/atmel/studio/7.0/toolchain/arm/arm-gnu-toolchain/bin/../lib/gcc/arm-none-eabi/4.9.3/armv6-m/crtn.o
                0x00002000                STACK_SIZE = DEFINED (STACK_SIZE)?STACK_SIZE:DEFINED (__stack_size__)?__stack_size__:0x2000

.text           0x00000000     0x2dc0
                0x00000000                . = ALIGN (0x4)
                0x00000000                _sfixed = .
 *(.vectors .vectors.*)
 .vectors       0x00000000       0xb4 src/ASF/sam0/utils/cmsis/saml21/source/gcc/startup_saml21.o
                0x00000000                exception_table
 *(.text .text.* .gnu.linkonce.t.*)
 .text          0x000000b4       0x60 c:/program files (x86)/atmel/studio/7.0/toolchain/arm/arm-gnu-toolchain/bin/../lib/gcc/arm-none-eabi/4.9.3/armv6-m/crtbegin.o
 .text.configure_ADT7420
                0x00000114       0x98 src/ADT7420.o
                0x00000114                configure_ADT7420
 .text.ADT7420_read_temp
                0x000001ac      0x178 src/ADT7420.o
                0x000001ac                ADT7420_read_temp
 .text.EVSYS_Handler
                0x00000324       0x3c src/ASF/sam0/drivers/events/events_hooks.o
                0x00000324                EVSYS_Handler
 .text._system_events_init
                0x00000360       0x20 src/ASF/sam0/drivers/events/events_sam_l_c/events.o
                0x00000360                _system_events_init
 .text.extint_register_callback
                0x00000380       0x2c src/ASF/sam0/drivers/extint/extint_callback.o
                0x00000380                extint_register_callback
 .text.EIC_Handler
                0x000003ac       0x68 src/ASF/sam0/drivers/extint/extint_callback.o
                0x000003ac                EIC_Handler
 .text._extint_enable
                0x00000414       0x20 src/ASF/sam0/drivers/extint/extint_sam_l_c/extint.o
 .text._system_extint_init
                0x00000434       0x84 src/ASF/sam0/drivers/extint/extint_sam_l_c/extint.o
                0x00000434                _system_extint_init
 .text._i2c_master_wait_for_sync
                0x000004b8        0xc src/ASF/sam0/drivers/sercom/i2c/i2c_sam0/i2c_master.o
 .text.i2c_master_init
                0x000004c4      0x1f4 src/ASF/sam0/drivers/sercom/i2c/i2c_sam0/i2c_master.o
                0x000004c4                i2c_master_init
 .text._i2c_master_address_response
                0x000006b8       0x30 src/ASF/sam0/drivers/sercom/i2c/i2c_sam0/i2c_master.o
                0x000006b8                _i2c_master_address_response
 .text._i2c_master_wait_for_bus
                0x000006e8       0x30 src/ASF/sam0/drivers/sercom/i2c/i2c_sam0/i2c_master.o
                0x000006e8                _i2c_master_wait_for_bus
 .text._i2c_master_send_hs_master_code
                0x00000718       0x20 src/ASF/sam0/drivers/sercom/i2c/i2c_sam0/i2c_master.o
                0x00000718                _i2c_master_send_hs_master_code
 .text._i2c_master_read_packet
                0x00000738      0x17c src/ASF/sam0/drivers/sercom/i2c/i2c_sam0/i2c_master.o
 .text._i2c_master_write_packet
                0x000008b4       0xf0 src/ASF/sam0/drivers/sercom/i2c/i2c_sam0/i2c_master.o
 .text.i2c_master_read_packet_wait
                0x000009a4       0x14 src/ASF/sam0/drivers/sercom/i2c/i2c_sam0/i2c_master.o
                0x000009a4                i2c_master_read_packet_wait
 .text.i2c_master_write_packet_wait
                0x000009b8       0x14 src/ASF/sam0/drivers/sercom/i2c/i2c_sam0/i2c_master.o
                0x000009b8                i2c_master_write_packet_wait
 .text.i2c_master_write_packet_wait_no_stop
                0x000009cc       0x14 src/ASF/sam0/drivers/sercom/i2c/i2c_sam0/i2c_master.o
                0x000009cc                i2c_master_write_packet_wait_no_stop
 .text._sercom_get_sync_baud_val
                0x000009e0       0x28 src/ASF/sam0/drivers/sercom/sercom.o
                0x000009e0                _sercom_get_sync_baud_val
 .text._sercom_get_async_baud_val
                0x00000a08      0x1c8 src/ASF/sam0/drivers/sercom/sercom.o
                0x00000a08                _sercom_get_async_baud_val
 .text.sercom_set_gclk_generator
                0x00000bd0       0x4c src/ASF/sam0/drivers/sercom/sercom.o
                0x00000bd0                sercom_set_gclk_generator
 .text._sercom_get_default_pad
                0x00000c1c      0x16c src/ASF/sam0/drivers/sercom/sercom.o
                0x00000c1c                _sercom_get_default_pad
 .text._sercom_get_sercom_inst_index
                0x00000d88       0x3c src/ASF/sam0/drivers/sercom/sercom.o
                0x00000d88                _sercom_get_sercom_inst_index
 .text.configure_sleepmode
                0x00000dc4       0x5c src/HAL.o
                0x00000dc4                configure_sleepmode
 .text.configure_i2c
                0x00000e20       0x98 src/HAL.o
                0x00000e20                configure_i2c
 .text.configure_mag_sw_int
                0x00000eb8       0xb8 src/HAL.o
                0x00000eb8                configure_mag_sw_int
 .text.configure_SP1ML
                0x00000f70      0x10c src/SP1ML.o
                0x00000f70                configure_SP1ML
 .text.SP1ML_enter_cmd_mode
                0x0000107c       0x2c src/SP1ML.o
                0x0000107c                SP1ML_enter_cmd_mode
 .text.SP1ML_set_baud
                0x000010a8      0x13c src/SP1ML.o
                0x000010a8                SP1ML_set_baud
 .text.SP1ML_set_output_power
                0x000011e4       0xb4 src/SP1ML.o
                0x000011e4                SP1ML_set_output_power
 .text.SP1ML_enter_op_mode
                0x00001298       0x2c src/SP1ML.o
                0x00001298                SP1ML_enter_op_mode
 .text.SP1ML_transmit_data
                0x000012c4       0x9c src/SP1ML.o
                0x000012c4                SP1ML_transmit_data
 .text.usart_init
                0x00001360      0x314 src/ASF/sam0/drivers/sercom/usart/usart.o
                0x00001360                usart_init
 .text.usart_write_wait
                0x00001674       0x28 src/ASF/sam0/drivers/sercom/usart/usart.o
                0x00001674                usart_write_wait
 .text.usart_read_wait
                0x0000169c       0x6c src/ASF/sam0/drivers/sercom/usart/usart.o
                0x0000169c                usart_read_wait
 .text.usart_write_buffer_wait
                0x00001708       0xb4 src/ASF/sam0/drivers/sercom/usart/usart.o
                0x00001708                usart_write_buffer_wait
 .text.usart_read_buffer_wait
                0x000017bc       0xa0 src/ASF/sam0/drivers/sercom/usart/usart.o
                0x000017bc                usart_read_buffer_wait
 .text.system_board_init
                0x0000185c        0x4 src/ASF/common2/boards/user_board/init.o
                0x0000185c                board_init
                0x0000185c                system_board_init
 .text.cpu_irq_enter_critical
                0x00001860       0x40 src/ASF/common/utils/interrupt/interrupt_sam_nvic.o
                0x00001860                cpu_irq_enter_critical
 .text.cpu_irq_leave_critical
                0x000018a0       0x30 src/ASF/common/utils/interrupt/interrupt_sam_nvic.o
                0x000018a0                cpu_irq_leave_critical
 .text.system_clock_source_get_hz
                0x000018d0       0x94 src/ASF/sam0/drivers/system/clock/clock_saml21/clock.o
                0x000018d0                system_clock_source_get_hz
 .text.system_clock_source_xosc32k_set_config
                0x00001964       0xb4 src/ASF/sam0/drivers/system/clock/clock_saml21/clock.o
                0x00001964                system_clock_source_xosc32k_set_config
 .text.system_clock_source_enable
                0x00001a18       0xbc src/ASF/sam0/drivers/system/clock/clock_saml21/clock.o
                0x00001a18                system_clock_source_enable
 .text.system_clock_init
                0x00001ad4      0x160 src/ASF/sam0/drivers/system/clock/clock_saml21/clock.o
                0x00001ad4                system_clock_init
 .text.system_gclk_init
                0x00001c34       0x24 src/ASF/sam0/drivers/system/clock/clock_saml21/gclk.o
                0x00001c34                system_gclk_init
 .text.system_gclk_gen_set_config
                0x00001c58       0xac src/ASF/sam0/drivers/system/clock/clock_saml21/gclk.o
                0x00001c58                system_gclk_gen_set_config
 .text.system_gclk_gen_enable
                0x00001d04       0x40 src/ASF/sam0/drivers/system/clock/clock_saml21/gclk.o
                0x00001d04                system_gclk_gen_enable
 .text.system_gclk_gen_get_hz
                0x00001d44       0x6c src/ASF/sam0/drivers/system/clock/clock_saml21/gclk.o
                0x00001d44                system_gclk_gen_get_hz
 .text.system_gclk_chan_enable
                0x00001db0       0x34 src/ASF/sam0/drivers/system/clock/clock_saml21/gclk.o
                0x00001db0                system_gclk_chan_enable
 .text.system_gclk_chan_disable
                0x00001de4       0x34 src/ASF/sam0/drivers/system/clock/clock_saml21/gclk.o
                0x00001de4                system_gclk_chan_disable
 .text.system_gclk_chan_set_config
                0x00001e18       0x24 src/ASF/sam0/drivers/system/clock/clock_saml21/gclk.o
                0x00001e18                system_gclk_chan_set_config
 .text.system_gclk_chan_get_hz
                0x00001e3c       0x30 src/ASF/sam0/drivers/system/clock/clock_saml21/gclk.o
                0x00001e3c                system_gclk_chan_get_hz
 .text._system_pinmux_config
                0x00001e6c       0xa8 src/ASF/sam0/drivers/system/pinmux/pinmux.o
 .text.system_pinmux_pin_set_config
                0x00001f14       0x30 src/ASF/sam0/drivers/system/pinmux/pinmux.o
                0x00001f14                system_pinmux_pin_set_config
 .text._system_dummy_init
                0x00001f44        0x4 src/ASF/sam0/drivers/system/system.o
                0x00001f44                _system_dummy_init
                0x00001f44                _system_divas_init
 .text.system_init
                0x00001f48       0x2c src/ASF/sam0/drivers/system/system.o
                0x00001f48                system_init
 .text.Dummy_Handler
                0x00001f74        0x4 src/ASF/sam0/utils/cmsis/saml21/source/gcc/startup_saml21.o
                0x00001f74                DMAC_Handler
                0x00001f74                TRNG_Handler
                0x00001f74                HardFault_Handler
                0x00001f74                AC_Handler
                0x00001f74                SysTick_Handler
                0x00001f74                PendSV_Handler
                0x00001f74                NMI_Handler
                0x00001f74                SERCOM1_Handler
                0x00001f74                ADC_Handler
                0x00001f74                TCC1_Handler
                0x00001f74                SERCOM2_Handler
                0x00001f74                TCC0_Handler
                0x00001f74                RTC_Handler
                0x00001f74                WDT_Handler
                0x00001f74                TC4_Handler
                0x00001f74                TC1_Handler
                0x00001f74                USB_Handler
                0x00001f74                Dummy_Handler
                0x00001f74                SERCOM5_Handler
                0x00001f74                SVC_Handler
                0x00001f74                TCC2_Handler
                0x00001f74                SERCOM3_Handler
                0x00001f74                SERCOM4_Handler
                0x00001f74                NVMCTRL_Handler
                0x00001f74                SYSTEM_Handler
                0x00001f74                SERCOM0_Handler
                0x00001f74                DAC_Handler
                0x00001f74                PTC_Handler
                0x00001f74                TC0_Handler
                0x00001f74                AES_Handler
 .text.Reset_Handler
                0x00001f78       0xa8 src/ASF/sam0/utils/cmsis/saml21/source/gcc/startup_saml21.o
                0x00001f78                Reset_Handler
 .text._sbrk    0x00002020       0x24 src/ASF/sam0/utils/syscalls/gcc/syscalls.o
                0x00002020                _sbrk
 .text.extint_callback
                0x00002044        0xc src/main.o
                0x00002044                extint_callback
 .text.main     0x00002050       0x50 src/main.o
                0x00002050                main
 .text          0x000020a0      0x120 c:/program files (x86)/atmel/studio/7.0/toolchain/arm/arm-gnu-toolchain/bin/../lib/gcc/arm-none-eabi/4.9.3/armv6-m\libgcc.a(_udivsi3.o)
                0x000020a0                __aeabi_uidiv
                0x000020a0                __udivsi3
                0x000021ac                __aeabi_uidivmod
 .text          0x000021c0      0x1e0 c:/program files (x86)/atmel/studio/7.0/toolchain/arm/arm-gnu-toolchain/bin/../lib/gcc/arm-none-eabi/4.9.3/armv6-m\libgcc.a(_divsi3.o)
                0x000021c0                __divsi3
                0x000021c0                __aeabi_idiv
                0x0000238c                __aeabi_idivmod
 .text          0x000023a0        0x4 c:/program files (x86)/atmel/studio/7.0/toolchain/arm/arm-gnu-toolchain/bin/../lib/gcc/arm-none-eabi/4.9.3/armv6-m\libgcc.a(_dvmd_tls.o)
                0x000023a0                __aeabi_idiv0
                0x000023a0                __aeabi_ldiv0
 .text          0x000023a4       0x54 c:/program files (x86)/atmel/studio/7.0/toolchain/arm/arm-gnu-toolchain/bin/../lib/gcc/arm-none-eabi/4.9.3/armv6-m\libgcc.a(_muldi3.o)
                0x000023a4                __muldi3
                0x000023a4                __aeabi_lmul
 .text.__libc_init_array
                0x000023f8       0x4c c:/program files (x86)/atmel/studio/7.0/toolchain/arm/arm-gnu-toolchain/bin/../lib/gcc/arm-none-eabi/4.9.3/../../../../arm-none-eabi/lib/armv6-m\libc_nano.a(lib_a-init.o)
                0x000023f8                __libc_init_array
 .text.memcpy   0x00002444       0x12 c:/program files (x86)/atmel/studio/7.0/toolchain/arm/arm-gnu-toolchain/bin/../lib/gcc/arm-none-eabi/4.9.3/../../../../arm-none-eabi/lib/armv6-m\libc_nano.a(lib_a-memcpy.o)
                0x00002444                memcpy
 *fill*         0x00002456        0x2 
 .text.sprintf  0x00002458       0x44 c:/program files (x86)/atmel/studio/7.0/toolchain/arm/arm-gnu-toolchain/bin/../lib/gcc/arm-none-eabi/4.9.3/../../../../arm-none-eabi/lib/armv6-m\libc_nano.a(lib_a-sprintf.o)
                0x00002458                siprintf
                0x00002458                sprintf
 .text._malloc_r
                0x0000249c       0xb0 c:/program files (x86)/atmel/studio/7.0/toolchain/arm/arm-gnu-toolchain/bin/../lib/gcc/arm-none-eabi/4.9.3/../../../../arm-none-eabi/lib/armv6-m\libc_nano.a(lib_a-nano-mallocr.o)
                0x0000249c                _malloc_r
 .text.__ssputs_r
                0x0000254c       0xc0 c:/program files (x86)/atmel/studio/7.0/toolchain/arm/arm-gnu-toolchain/bin/../lib/gcc/arm-none-eabi/4.9.3/../../../../arm-none-eabi/lib/armv6-m\libc_nano.a(lib_a-nano-svfprintf.o)
                0x0000254c                __ssputs_r
 .text._svfprintf_r
                0x0000260c      0x1ec c:/program files (x86)/atmel/studio/7.0/toolchain/arm/arm-gnu-toolchain/bin/../lib/gcc/arm-none-eabi/4.9.3/../../../../arm-none-eabi/lib/armv6-m\libc_nano.a(lib_a-nano-svfprintf.o)
                0x0000260c                _svfiprintf_r
                0x0000260c                _svfprintf_r
 .text._printf_common
                0x000027f8       0xdc c:/program files (x86)/atmel/studio/7.0/toolchain/arm/arm-gnu-toolchain/bin/../lib/gcc/arm-none-eabi/4.9.3/../../../../arm-none-eabi/lib/armv6-m\libc_nano.a(lib_a-nano-vfprintf_i.o)
                0x000027f8                _printf_common
 .text._printf_i
                0x000028d4      0x230 c:/program files (x86)/atmel/studio/7.0/toolchain/arm/arm-gnu-toolchain/bin/../lib/gcc/arm-none-eabi/4.9.3/../../../../arm-none-eabi/lib/armv6-m\libc_nano.a(lib_a-nano-vfprintf_i.o)
                0x000028d4                _printf_i
 .text._sbrk_r  0x00002b04       0x24 c:/program files (x86)/atmel/studio/7.0/toolchain/arm/arm-gnu-toolchain/bin/../lib/gcc/arm-none-eabi/4.9.3/../../../../arm-none-eabi/lib/armv6-m\libc_nano.a(lib_a-sbrkr.o)
                0x00002b04                _sbrk_r
 .text.memchr   0x00002b28       0x16 c:/program files (x86)/atmel/studio/7.0/toolchain/arm/arm-gnu-toolchain/bin/../lib/gcc/arm-none-eabi/4.9.3/../../../../arm-none-eabi/lib/armv6-m\libc_nano.a(lib_a-memchr.o)
                0x00002b28                memchr
 .text.memmove  0x00002b3e       0x28 c:/program files (x86)/atmel/studio/7.0/toolchain/arm/arm-gnu-toolchain/bin/../lib/gcc/arm-none-eabi/4.9.3/../../../../arm-none-eabi/lib/armv6-m\libc_nano.a(lib_a-memmove.o)
                0x00002b3e                memmove
 *fill*         0x00002b66        0x2 
 .text._free_r  0x00002b68       0x8c c:/program files (x86)/atmel/studio/7.0/toolchain/arm/arm-gnu-toolchain/bin/../lib/gcc/arm-none-eabi/4.9.3/../../../../arm-none-eabi/lib/armv6-m\libc_nano.a(lib_a-nano-freer.o)
                0x00002b68                _free_r
 .text._realloc_r
                0x00002bf4       0x4c c:/program files (x86)/atmel/studio/7.0/toolchain/arm/arm-gnu-toolchain/bin/../lib/gcc/arm-none-eabi/4.9.3/../../../../arm-none-eabi/lib/armv6-m\libc_nano.a(lib_a-nano-reallocr.o)
                0x00002bf4                _realloc_r
 .text._malloc_usable_size_r
                0x00002c40       0x16 c:/program files (x86)/atmel/studio/7.0/toolchain/arm/arm-gnu-toolchain/bin/../lib/gcc/arm-none-eabi/4.9.3/../../../../arm-none-eabi/lib/armv6-m\libc_nano.a(lib_a-nano-msizer.o)
                0x00002c40                _malloc_usable_size_r
 *(.glue_7t)
 .glue_7t       0x00000000        0x0 linker stubs
 *(.glue_7)
 .glue_7        0x00000000        0x0 linker stubs
 *(.rodata .rodata* .gnu.linkonce.r.*)
 *fill*         0x00002c56        0x2 
 .rodata        0x00002c58        0x2 src/ADT7420.o
 *fill*         0x00002c5a        0x2 
 .rodata        0x00002c5c       0x18 src/ASF/sam0/drivers/sercom/sercom.o
 .rodata        0x00002c74       0x18 src/SP1ML.o
 .rodata.str1.4
                0x00002c8c       0x34 src/SP1ML.o
                                 0x31 (size before relaxing)
 .rodata.system_clock_source_get_hz
                0x00002cc0       0x24 src/ASF/sam0/drivers/system/clock/clock_saml21/clock.o
 .rodata.system_clock_source_enable
                0x00002ce4       0x24 src/ASF/sam0/drivers/system/clock/clock_saml21/clock.o
 .rodata.str1.1
                0x00002d08        0x2 c:/program files (x86)/atmel/studio/7.0/toolchain/arm/arm-gnu-toolchain/bin/../lib/gcc/arm-none-eabi/4.9.3/../../../../arm-none-eabi/lib/armv6-m\libc_nano.a(lib_a-impure.o)
 *fill*         0x00002d0a        0x2 
 .rodata.__sf_fake_stdin
                0x00002d0c       0x20 c:/program files (x86)/atmel/studio/7.0/toolchain/arm/arm-gnu-toolchain/bin/../lib/gcc/arm-none-eabi/4.9.3/../../../../arm-none-eabi/lib/armv6-m\libc_nano.a(lib_a-findfp.o)
                0x00002d0c                __sf_fake_stdin
 .rodata.__sf_fake_stdout
                0x00002d2c       0x20 c:/program files (x86)/atmel/studio/7.0/toolchain/arm/arm-gnu-toolchain/bin/../lib/gcc/arm-none-eabi/4.9.3/../../../../arm-none-eabi/lib/armv6-m\libc_nano.a(lib_a-findfp.o)
                0x00002d2c                __sf_fake_stdout
 .rodata.__sf_fake_stderr
                0x00002d4c       0x20 c:/program files (x86)/atmel/studio/7.0/toolchain/arm/arm-gnu-toolchain/bin/../lib/gcc/arm-none-eabi/4.9.3/../../../../arm-none-eabi/lib/armv6-m\libc_nano.a(lib_a-findfp.o)
                0x00002d4c                __sf_fake_stderr
 .rodata.str1.1
                0x00002d6c       0x11 c:/program files (x86)/atmel/studio/7.0/toolchain/arm/arm-gnu-toolchain/bin/../lib/gcc/arm-none-eabi/4.9.3/../../../../arm-none-eabi/lib/armv6-m\libc_nano.a(lib_a-nano-svfprintf.o)
 .rodata.str1.1
                0x00002d7d       0x22 c:/program files (x86)/atmel/studio/7.0/toolchain/arm/arm-gnu-toolchain/bin/../lib/gcc/arm-none-eabi/4.9.3/../../../../arm-none-eabi/lib/armv6-m\libc_nano.a(lib_a-nano-vfprintf_i.o)
 *(.ARM.extab* .gnu.linkonce.armextab.*)
                0x00002da0                . = ALIGN (0x4)
 *fill*         0x00002d9f        0x1 
 *(.init)
 .init          0x00002da0        0x4 c:/program files (x86)/atmel/studio/7.0/toolchain/arm/arm-gnu-toolchain/bin/../lib/gcc/arm-none-eabi/4.9.3/armv6-m/crti.o
                0x00002da0                _init
 .init          0x00002da4        0x8 c:/program files (x86)/atmel/studio/7.0/toolchain/arm/arm-gnu-toolchain/bin/../lib/gcc/arm-none-eabi/4.9.3/armv6-m/crtn.o
                0x00002dac                . = ALIGN (0x4)
                0x00002dac                __preinit_array_start = .
 *(.preinit_array)
                0x00002dac                __preinit_array_end = .
                0x00002dac                . = ALIGN (0x4)
                0x00002dac                __init_array_start = .
 *(SORT(.init_array.*))
 *(.init_array)
 .init_array    0x00002dac        0x4 c:/program files (x86)/atmel/studio/7.0/toolchain/arm/arm-gnu-toolchain/bin/../lib/gcc/arm-none-eabi/4.9.3/armv6-m/crtbegin.o
                0x00002db0                __init_array_end = .
                0x00002db0                . = ALIGN (0x4)
 *crtbegin.o(.ctors)
 *(EXCLUDE_FILE(*crtend.o) .ctors)
 *(SORT(.ctors.*))
 *crtend.o(.ctors)
                0x00002db0                . = ALIGN (0x4)
 *(.fini)
 .fini          0x00002db0        0x4 c:/program files (x86)/atmel/studio/7.0/toolchain/arm/arm-gnu-toolchain/bin/../lib/gcc/arm-none-eabi/4.9.3/armv6-m/crti.o
                0x00002db0                _fini
 .fini          0x00002db4        0x8 c:/program files (x86)/atmel/studio/7.0/toolchain/arm/arm-gnu-toolchain/bin/../lib/gcc/arm-none-eabi/4.9.3/armv6-m/crtn.o
                0x00002dbc                . = ALIGN (0x4)
                0x00002dbc                __fini_array_start = .
 *(.fini_array)
 .fini_array    0x00002dbc        0x4 c:/program files (x86)/atmel/studio/7.0/toolchain/arm/arm-gnu-toolchain/bin/../lib/gcc/arm-none-eabi/4.9.3/armv6-m/crtbegin.o
 *(SORT(.fini_array.*))
                0x00002dc0                __fini_array_end = .
 *crtbegin.o(.dtors)
 *(EXCLUDE_FILE(*crtend.o) .dtors)
 *(SORT(.dtors.*))
 *crtend.o(.dtors)
                0x00002dc0                . = ALIGN (0x4)
                0x00002dc0                _efixed = .
                0x00002dc0                PROVIDE (__exidx_start, .)

.vfp11_veneer   0x00002dc0        0x0
 .vfp11_veneer  0x00000000        0x0 linker stubs

.v4_bx          0x00002dc0        0x0
 .v4_bx         0x00000000        0x0 linker stubs

.iplt           0x00002dc0        0x0
 .iplt          0x00000000        0x0 c:/program files (x86)/atmel/studio/7.0/toolchain/arm/arm-gnu-toolchain/bin/../lib/gcc/arm-none-eabi/4.9.3/armv6-m/crtbegin.o

.eh_frame       0x00002dc0        0x0
 .eh_frame      0x00002dc0        0x0 c:/program files (x86)/atmel/studio/7.0/toolchain/arm/arm-gnu-toolchain/bin/../lib/gcc/arm-none-eabi/4.9.3/armv6-m/crtbegin.o

.rel.dyn        0x00002dc0        0x0
 .rel.iplt      0x00000000        0x0 c:/program files (x86)/atmel/studio/7.0/toolchain/arm/arm-gnu-toolchain/bin/../lib/gcc/arm-none-eabi/4.9.3/armv6-m/crtbegin.o

.jcr            0x00002dc0        0x0
 .jcr           0x00002dc0        0x0 c:/program files (x86)/atmel/studio/7.0/toolchain/arm/arm-gnu-toolchain/bin/../lib/gcc/arm-none-eabi/4.9.3/armv6-m/crtbegin.o

.igot.plt       0x00002dc0        0x0
 .igot.plt      0x00000000        0x0 c:/program files (x86)/atmel/studio/7.0/toolchain/arm/arm-gnu-toolchain/bin/../lib/gcc/arm-none-eabi/4.9.3/armv6-m/crtbegin.o

.ARM.exidx
 *(.ARM.exidx* .gnu.linkonce.armexidx.*)
                0x00002dc0                PROVIDE (__exidx_end, .)
                0x00002dc0                . = ALIGN (0x4)
                0x00002dc0                _etext = .

.relocate       0x20000000       0x7c load address 0x00002dc0
                0x20000000                . = ALIGN (0x4)
                0x20000000                _srelocate = .
 *(.ramfunc .ramfunc.*)
 *(.data .data.*)
 .data._events_inst
                0x20000000       0x14 src/ASF/sam0/drivers/events/events_sam_l_c/events.o
                0x20000000                _events_inst
 .data.g_interrupt_enabled
                0x20000014        0x1 src/ASF/common/utils/interrupt/interrupt_sam_nvic.o
                0x20000014                g_interrupt_enabled
 *fill*         0x20000015        0x3 
 .data.impure_data
                0x20000018       0x60 c:/program files (x86)/atmel/studio/7.0/toolchain/arm/arm-gnu-toolchain/bin/../lib/gcc/arm-none-eabi/4.9.3/../../../../arm-none-eabi/lib/armv6-m\libc_nano.a(lib_a-impure.o)
 .data._impure_ptr
                0x20000078        0x4 c:/program files (x86)/atmel/studio/7.0/toolchain/arm/arm-gnu-toolchain/bin/../lib/gcc/arm-none-eabi/4.9.3/../../../../arm-none-eabi/lib/armv6-m\libc_nano.a(lib_a-impure.o)
                0x20000078                _impure_ptr
                0x2000007c                . = ALIGN (0x4)
                0x2000007c                _erelocate = .

.lpram          0x30000000        0x0
                0x30000000                . = ALIGN (0x8)
                0x30000000                _slpram = .
 *(.lpram .lpram.*)
                0x30000000                . = ALIGN (0x8)
                0x30000000                _elpram = .

.bss            0x2000007c       0xf0 load address 0x00002e3c
                0x2000007c                . = ALIGN (0x4)
                0x2000007c                _sbss = .
                0x2000007c                _szero = .
 *(.bss .bss.*)
 .bss           0x2000007c       0x1c c:/program files (x86)/atmel/studio/7.0/toolchain/arm/arm-gnu-toolchain/bin/../lib/gcc/arm-none-eabi/4.9.3/armv6-m/crtbegin.o
 .bss.uiTemperature
                0x20000098        0x2 src/ADT7420.o
                0x20000098                uiTemperature
 *fill*         0x2000009a        0x2 
 .bss._sercom_config
                0x2000009c        0x2 src/ASF/sam0/drivers/sercom/sercom.o
 *fill*         0x2000009e        0x2 
 .bss.cpu_irq_critical_section_counter
                0x200000a0        0x4 src/ASF/common/utils/interrupt/interrupt_sam_nvic.o
 .bss.cpu_irq_prev_interrupt_state
                0x200000a4        0x1 src/ASF/common/utils/interrupt/interrupt_sam_nvic.o
 *fill*         0x200000a5        0x3 
 .bss._system_clock_inst
                0x200000a8       0x18 src/ASF/sam0/drivers/system/clock/clock_saml21/clock.o
 .bss.heap.5211
                0x200000c0        0x4 src/ASF/sam0/utils/syscalls/gcc/syscalls.o
 .bss.__malloc_sbrk_start
                0x200000c4        0x4 c:/program files (x86)/atmel/studio/7.0/toolchain/arm/arm-gnu-toolchain/bin/../lib/gcc/arm-none-eabi/4.9.3/../../../../arm-none-eabi/lib/armv6-m\libc_nano.a(lib_a-nano-mallocr.o)
                0x200000c4                __malloc_sbrk_start
 .bss.__malloc_free_list
                0x200000c8        0x4 c:/program files (x86)/atmel/studio/7.0/toolchain/arm/arm-gnu-toolchain/bin/../lib/gcc/arm-none-eabi/4.9.3/../../../../arm-none-eabi/lib/armv6-m\libc_nano.a(lib_a-nano-mallocr.o)
                0x200000c8                __malloc_free_list
 *(COMMON)
 COMMON         0x200000cc       0x59 src/ADT7420.o
                0x200000cc                usart_instance
                0x200000d8                config_usart
                0x20000118                i2c_master_instance
                0x20000124                status
 COMMON         0x20000125        0x1 src/ASF/sam0/drivers/extint/extint_callback.o
                0x20000125                _current_channel
 *fill*         0x20000126        0x2 
 COMMON         0x20000128       0x40 src/ASF/sam0/drivers/extint/extint_sam_l_c/extint.o
                0x20000128                _extint_dev
 COMMON         0x20000168        0x4 c:/program files (x86)/atmel/studio/7.0/toolchain/arm/arm-gnu-toolchain/bin/../lib/gcc/arm-none-eabi/4.9.3/../../../../arm-none-eabi/lib/armv6-m\libc_nano.a(lib_a-reent.o)
                0x20000168                errno
                0x2000016c                . = ALIGN (0x4)
                0x2000016c                _ebss = .
                0x2000016c                _ezero = .

.stack          0x2000016c     0x2004 load address 0x00002f2c
                0x20000170                . = ALIGN (0x8)
 *fill*         0x2000016c        0x4 
                0x20000170                _sstack = .
                0x20002170                . = (. + STACK_SIZE)
 *fill*         0x20000170     0x2000 
                0x20002170                . = ALIGN (0x8)
                0x20002170                _estack = .
                0x20002170                . = ALIGN (0x4)
                0x20002170                _end = .
OUTPUT(Transmitter.elf elf32-littlearm)

.ARM.attributes
                0x00000000       0x28
 .ARM.attributes
                0x00000000       0x1e c:/program files (x86)/atmel/studio/7.0/toolchain/arm/arm-gnu-toolchain/bin/../lib/gcc/arm-none-eabi/4.9.3/armv6-m/crti.o
 .ARM.attributes
                0x0000001e       0x2c c:/program files (x86)/atmel/studio/7.0/toolchain/arm/arm-gnu-toolchain/bin/../lib/gcc/arm-none-eabi/4.9.3/armv6-m/crtbegin.o
 .ARM.attributes
                0x0000004a       0x32 src/ADT7420.o
 .ARM.attributes
                0x0000007c       0x32 src/ASF/sam0/drivers/events/events_hooks.o
 .ARM.attributes
                0x000000ae       0x32 src/ASF/sam0/drivers/events/events_sam_l_c/events.o
 .ARM.attributes
                0x000000e0       0x32 src/ASF/sam0/drivers/extint/extint_callback.o
 .ARM.attributes
                0x00000112       0x32 src/ASF/sam0/drivers/extint/extint_sam_l_c/extint.o
 .ARM.attributes
                0x00000144       0x32 src/ASF/sam0/drivers/sercom/i2c/i2c_sam0/i2c_master.o
 .ARM.attributes
                0x00000176       0x32 src/ASF/sam0/drivers/sercom/sercom.o
 .ARM.attributes
                0x000001a8       0x32 src/HAL.o
 .ARM.attributes
                0x000001da       0x32 src/SP1ML.o
 .ARM.attributes
                0x0000020c       0x32 src/ASF/sam0/drivers/sercom/usart/usart.o
 .ARM.attributes
                0x0000023e       0x32 src/ASF/common2/boards/user_board/init.o
 .ARM.attributes
                0x00000270       0x32 src/ASF/common/utils/interrupt/interrupt_sam_nvic.o
 .ARM.attributes
                0x000002a2       0x32 src/ASF/sam0/drivers/system/clock/clock_saml21/clock.o
 .ARM.attributes
                0x000002d4       0x32 src/ASF/sam0/drivers/system/clock/clock_saml21/gclk.o
 .ARM.attributes
                0x00000306       0x32 src/ASF/sam0/drivers/system/pinmux/pinmux.o
 .ARM.attributes
                0x00000338       0x32 src/ASF/sam0/drivers/system/system.o
 .ARM.attributes
                0x0000036a       0x32 src/ASF/sam0/utils/cmsis/saml21/source/gcc/startup_saml21.o
 .ARM.attributes
                0x0000039c       0x32 src/ASF/sam0/utils/syscalls/gcc/syscalls.o
 .ARM.attributes
                0x000003ce       0x32 src/main.o
 .ARM.attributes
                0x00000400       0x1e c:/program files (x86)/atmel/studio/7.0/toolchain/arm/arm-gnu-toolchain/bin/../lib/gcc/arm-none-eabi/4.9.3/armv6-m\libgcc.a(_udivsi3.o)
 .ARM.attributes
                0x0000041e       0x1e c:/program files (x86)/atmel/studio/7.0/toolchain/arm/arm-gnu-toolchain/bin/../lib/gcc/arm-none-eabi/4.9.3/armv6-m\libgcc.a(_divsi3.o)
 .ARM.attributes
                0x0000043c       0x1e c:/program files (x86)/atmel/studio/7.0/toolchain/arm/arm-gnu-toolchain/bin/../lib/gcc/arm-none-eabi/4.9.3/armv6-m\libgcc.a(_dvmd_tls.o)
 .ARM.attributes
                0x0000045a       0x2c c:/program files (x86)/atmel/studio/7.0/toolchain/arm/arm-gnu-toolchain/bin/../lib/gcc/arm-none-eabi/4.9.3/armv6-m\libgcc.a(_muldi3.o)
 .ARM.attributes
                0x00000486       0x2c c:/program files (x86)/atmel/studio/7.0/toolchain/arm/arm-gnu-toolchain/bin/../lib/gcc/arm-none-eabi/4.9.3/../../../../arm-none-eabi/lib/armv6-m\libc_nano.a(lib_a-impure.o)
 .ARM.attributes
                0x000004b2       0x2c c:/program files (x86)/atmel/studio/7.0/toolchain/arm/arm-gnu-toolchain/bin/../lib/gcc/arm-none-eabi/4.9.3/../../../../arm-none-eabi/lib/armv6-m\libc_nano.a(lib_a-init.o)
 .ARM.attributes
                0x000004de       0x2c c:/program files (x86)/atmel/studio/7.0/toolchain/arm/arm-gnu-toolchain/bin/../lib/gcc/arm-none-eabi/4.9.3/../../../../arm-none-eabi/lib/armv6-m\libc_nano.a(lib_a-memcpy.o)
 .ARM.attributes
                0x0000050a       0x2c c:/program files (x86)/atmel/studio/7.0/toolchain/arm/arm-gnu-toolchain/bin/../lib/gcc/arm-none-eabi/4.9.3/../../../../arm-none-eabi/lib/armv6-m\libc_nano.a(lib_a-sprintf.o)
 .ARM.attributes
                0x00000536       0x2c c:/program files (x86)/atmel/studio/7.0/toolchain/arm/arm-gnu-toolchain/bin/../lib/gcc/arm-none-eabi/4.9.3/../../../../arm-none-eabi/lib/armv6-m\libc_nano.a(lib_a-findfp.o)
 .ARM.attributes
                0x00000562       0x2c c:/program files (x86)/atmel/studio/7.0/toolchain/arm/arm-gnu-toolchain/bin/../lib/gcc/arm-none-eabi/4.9.3/../../../../arm-none-eabi/lib/armv6-m\libc_nano.a(lib_a-nano-mallocr.o)
 .ARM.attributes
                0x0000058e       0x2c c:/program files (x86)/atmel/studio/7.0/toolchain/arm/arm-gnu-toolchain/bin/../lib/gcc/arm-none-eabi/4.9.3/../../../../arm-none-eabi/lib/armv6-m\libc_nano.a(lib_a-nano-svfprintf.o)
 .ARM.attributes
                0x000005ba       0x2c c:/program files (x86)/atmel/studio/7.0/toolchain/arm/arm-gnu-toolchain/bin/../lib/gcc/arm-none-eabi/4.9.3/../../../../arm-none-eabi/lib/armv6-m\libc_nano.a(lib_a-nano-vfprintf_i.o)
 .ARM.attributes
                0x000005e6       0x2c c:/program files (x86)/atmel/studio/7.0/toolchain/arm/arm-gnu-toolchain/bin/../lib/gcc/arm-none-eabi/4.9.3/../../../../arm-none-eabi/lib/armv6-m\libc_nano.a(lib_a-sbrkr.o)
 .ARM.attributes
                0x00000612       0x2c c:/program files (x86)/atmel/studio/7.0/toolchain/arm/arm-gnu-toolchain/bin/../lib/gcc/arm-none-eabi/4.9.3/../../../../arm-none-eabi/lib/armv6-m\libc_nano.a(lib_a-memchr.o)
 .ARM.attributes
                0x0000063e       0x2c c:/program files (x86)/atmel/studio/7.0/toolchain/arm/arm-gnu-toolchain/bin/../lib/gcc/arm-none-eabi/4.9.3/../../../../arm-none-eabi/lib/armv6-m\libc_nano.a(lib_a-memmove.o)
 .ARM.attributes
                0x0000066a       0x2c c:/program files (x86)/atmel/studio/7.0/toolchain/arm/arm-gnu-toolchain/bin/../lib/gcc/arm-none-eabi/4.9.3/../../../../arm-none-eabi/lib/armv6-m\libc_nano.a(lib_a-nano-freer.o)
 .ARM.attributes
                0x00000696       0x2c c:/program files (x86)/atmel/studio/7.0/toolchain/arm/arm-gnu-toolchain/bin/../lib/gcc/arm-none-eabi/4.9.3/../../../../arm-none-eabi/lib/armv6-m\libc_nano.a(lib_a-nano-reallocr.o)
 .ARM.attributes
                0x000006c2       0x2c c:/program files (x86)/atmel/studio/7.0/toolchain/arm/arm-gnu-toolchain/bin/../lib/gcc/arm-none-eabi/4.9.3/../../../../arm-none-eabi/lib/armv6-m\libc_nano.a(lib_a-reent.o)
 .ARM.attributes
                0x000006ee       0x2c c:/program files (x86)/atmel/studio/7.0/toolchain/arm/arm-gnu-toolchain/bin/../lib/gcc/arm-none-eabi/4.9.3/../../../../arm-none-eabi/lib/armv6-m\libc_nano.a(lib_a-nano-msizer.o)
 .ARM.attributes
                0x0000071a       0x1e c:/program files (x86)/atmel/studio/7.0/toolchain/arm/arm-gnu-toolchain/bin/../lib/gcc/arm-none-eabi/4.9.3/armv6-m/crtn.o

.comment        0x00000000       0x5b
 .comment       0x00000000       0x5b src/ADT7420.o
                                 0x5c (size before relaxing)
 .comment       0x00000000       0x5c src/ASF/sam0/drivers/events/events_hooks.o
 .comment       0x00000000       0x5c src/ASF/sam0/drivers/events/events_sam_l_c/events.o
 .comment       0x00000000       0x5c src/ASF/sam0/drivers/extint/extint_callback.o
 .comment       0x00000000       0x5c src/ASF/sam0/drivers/extint/extint_sam_l_c/extint.o
 .comment       0x00000000       0x5c src/ASF/sam0/drivers/sercom/i2c/i2c_sam0/i2c_master.o
 .comment       0x00000000       0x5c src/ASF/sam0/drivers/sercom/sercom.o
 .comment       0x00000000       0x5c src/HAL.o
 .comment       0x00000000       0x5c src/SP1ML.o
 .comment       0x00000000       0x5c src/ASF/sam0/drivers/sercom/usart/usart.o
 .comment       0x00000000       0x5c src/ASF/common2/boards/user_board/init.o
 .comment       0x00000000       0x5c src/ASF/common/utils/interrupt/interrupt_sam_nvic.o
 .comment       0x00000000       0x5c src/ASF/sam0/drivers/system/clock/clock_saml21/clock.o
 .comment       0x00000000       0x5c src/ASF/sam0/drivers/system/clock/clock_saml21/gclk.o
 .comment       0x00000000       0x5c src/ASF/sam0/drivers/system/pinmux/pinmux.o
 .comment       0x00000000       0x5c src/ASF/sam0/drivers/system/system.o
 .comment       0x00000000       0x5c src/ASF/sam0/utils/cmsis/saml21/source/gcc/startup_saml21.o
 .comment       0x00000000       0x5c src/ASF/sam0/utils/syscalls/gcc/syscalls.o
 .comment       0x00000000       0x5c src/main.o

.debug_info     0x00000000    0x245b2
 .debug_info    0x00000000     0x3127 src/ADT7420.o
 .debug_info    0x00003127     0x1364 src/ASF/sam0/drivers/events/events_hooks.o
 .debug_info    0x0000448b     0x1ea2 src/ASF/sam0/drivers/events/events_sam_l_c/events.o
 .debug_info    0x0000632d      0xaff src/ASF/sam0/drivers/extint/extint_callback.o
 .debug_info    0x00006e2c     0x1bc0 src/ASF/sam0/drivers/extint/extint_sam_l_c/extint.o
 .debug_info    0x000089ec     0x430c src/ASF/sam0/drivers/sercom/i2c/i2c_sam0/i2c_master.o
 .debug_info    0x0000ccf8     0x2551 src/ASF/sam0/drivers/sercom/sercom.o
 .debug_info    0x0000f249     0x4546 src/HAL.o
 .debug_info    0x0001378f     0x39f0 src/SP1ML.o
 .debug_info    0x0001717f     0x40a9 src/ASF/sam0/drivers/sercom/usart/usart.o
 .debug_info    0x0001b228      0x156 src/ASF/common2/boards/user_board/init.o
 .debug_info    0x0001b37e      0x1ec src/ASF/common/utils/interrupt/interrupt_sam_nvic.o
 .debug_info    0x0001b56a     0x3a1b src/ASF/sam0/drivers/system/clock/clock_saml21/clock.o
 .debug_info    0x0001ef85     0x1455 src/ASF/sam0/drivers/system/clock/clock_saml21/gclk.o
 .debug_info    0x000203da      0xbbd src/ASF/sam0/drivers/system/pinmux/pinmux.o
 .debug_info    0x00020f97      0x17a src/ASF/sam0/drivers/system/system.o
 .debug_info    0x00021111      0x9f1 src/ASF/sam0/utils/cmsis/saml21/source/gcc/startup_saml21.o
 .debug_info    0x00021b02      0x427 src/ASF/sam0/utils/syscalls/gcc/syscalls.o
 .debug_info    0x00021f29     0x2689 src/main.o

.debug_abbrev   0x00000000     0x327b
 .debug_abbrev  0x00000000      0x2c2 src/ADT7420.o
 .debug_abbrev  0x000002c2      0x2ac src/ASF/sam0/drivers/events/events_hooks.o
 .debug_abbrev  0x0000056e      0x418 src/ASF/sam0/drivers/events/events_sam_l_c/events.o
 .debug_abbrev  0x00000986      0x28a src/ASF/sam0/drivers/extint/extint_callback.o
 .debug_abbrev  0x00000c10      0x3d6 src/ASF/sam0/drivers/extint/extint_sam_l_c/extint.o
 .debug_abbrev  0x00000fe6      0x44a src/ASF/sam0/drivers/sercom/i2c/i2c_sam0/i2c_master.o
 .debug_abbrev  0x00001430      0x2fd src/ASF/sam0/drivers/sercom/sercom.o
 .debug_abbrev  0x0000172d      0x31c src/HAL.o
 .debug_abbrev  0x00001a49      0x322 src/SP1ML.o
 .debug_abbrev  0x00001d6b      0x3b1 src/ASF/sam0/drivers/sercom/usart/usart.o
 .debug_abbrev  0x0000211c       0xa1 src/ASF/common2/boards/user_board/init.o
 .debug_abbrev  0x000021bd       0xf6 src/ASF/common/utils/interrupt/interrupt_sam_nvic.o
 .debug_abbrev  0x000022b3      0x3a1 src/ASF/sam0/drivers/system/clock/clock_saml21/clock.o
 .debug_abbrev  0x00002654      0x338 src/ASF/sam0/drivers/system/clock/clock_saml21/gclk.o
 .debug_abbrev  0x0000298c      0x2ce src/ASF/sam0/drivers/system/pinmux/pinmux.o
 .debug_abbrev  0x00002c5a       0xb9 src/ASF/sam0/drivers/system/system.o
 .debug_abbrev  0x00002d13      0x1c1 src/ASF/sam0/utils/cmsis/saml21/source/gcc/startup_saml21.o
 .debug_abbrev  0x00002ed4      0x141 src/ASF/sam0/utils/syscalls/gcc/syscalls.o
 .debug_abbrev  0x00003015      0x266 src/main.o

.debug_loc      0x00000000     0x5658
 .debug_loc     0x00000000      0x218 src/ADT7420.o
 .debug_loc     0x00000218      0x4a6 src/ASF/sam0/drivers/events/events_hooks.o
 .debug_loc     0x000006be      0x4a7 src/ASF/sam0/drivers/events/events_sam_l_c/events.o
 .debug_loc     0x00000b65      0x215 src/ASF/sam0/drivers/extint/extint_callback.o
 .debug_loc     0x00000d7a      0x481 src/ASF/sam0/drivers/extint/extint_sam_l_c/extint.o
 .debug_loc     0x000011fb      0xe35 src/ASF/sam0/drivers/sercom/i2c/i2c_sam0/i2c_master.o
 .debug_loc     0x00002030      0x950 src/ASF/sam0/drivers/sercom/sercom.o
 .debug_loc     0x00002980      0x109 src/HAL.o
 .debug_loc     0x00002a89      0x64d src/SP1ML.o
 .debug_loc     0x000030d6      0xd46 src/ASF/sam0/drivers/sercom/usart/usart.o
 .debug_loc     0x00003e1c       0x1e src/ASF/common/utils/interrupt/interrupt_sam_nvic.o
 .debug_loc     0x00003e3a      0xdbd src/ASF/sam0/drivers/system/clock/clock_saml21/clock.o
 .debug_loc     0x00004bf7      0x54a src/ASF/sam0/drivers/system/clock/clock_saml21/gclk.o
 .debug_loc     0x00005141      0x37a src/ASF/sam0/drivers/system/pinmux/pinmux.o
 .debug_loc     0x000054bb       0x20 src/ASF/sam0/drivers/system/system.o
 .debug_loc     0x000054db       0x20 src/ASF/sam0/utils/cmsis/saml21/source/gcc/startup_saml21.o
 .debug_loc     0x000054fb      0x11d src/ASF/sam0/utils/syscalls/gcc/syscalls.o
 .debug_loc     0x00005618       0x40 src/main.o

.debug_aranges  0x00000000      0x5a0
 .debug_aranges
                0x00000000       0x28 src/ADT7420.o
 .debug_aranges
                0x00000028       0x58 src/ASF/sam0/drivers/events/events_hooks.o
 .debug_aranges
                0x00000080       0x80 src/ASF/sam0/drivers/events/events_sam_l_c/events.o
 .debug_aranges
                0x00000100       0x48 src/ASF/sam0/drivers/extint/extint_callback.o
 .debug_aranges
                0x00000148       0x58 src/ASF/sam0/drivers/extint/extint_sam_l_c/extint.o
 .debug_aranges
                0x000001a0       0xa0 src/ASF/sam0/drivers/sercom/i2c/i2c_sam0/i2c_master.o
 .debug_aranges
                0x00000240       0x40 src/ASF/sam0/drivers/sercom/sercom.o
 .debug_aranges
                0x00000280       0x30 src/HAL.o
 .debug_aranges
                0x000002b0       0x50 src/SP1ML.o
 .debug_aranges
                0x00000300       0x40 src/ASF/sam0/drivers/sercom/usart/usart.o
 .debug_aranges
                0x00000340       0x20 src/ASF/common2/boards/user_board/init.o
 .debug_aranges
                0x00000360       0x28 src/ASF/common/utils/interrupt/interrupt_sam_nvic.o
 .debug_aranges
                0x00000388       0x80 src/ASF/sam0/drivers/system/clock/clock_saml21/clock.o
 .debug_aranges
                0x00000408       0x80 src/ASF/sam0/drivers/system/clock/clock_saml21/gclk.o
 .debug_aranges
                0x00000488       0x40 src/ASF/sam0/drivers/system/pinmux/pinmux.o
 .debug_aranges
                0x000004c8       0x28 src/ASF/sam0/drivers/system/system.o
 .debug_aranges
                0x000004f0       0x28 src/ASF/sam0/utils/cmsis/saml21/source/gcc/startup_saml21.o
 .debug_aranges
                0x00000518       0x60 src/ASF/sam0/utils/syscalls/gcc/syscalls.o
 .debug_aranges
                0x00000578       0x28 src/main.o

.debug_ranges   0x00000000      0x630
 .debug_ranges  0x00000000       0x18 src/ADT7420.o
 .debug_ranges  0x00000018       0x48 src/ASF/sam0/drivers/events/events_hooks.o
 .debug_ranges  0x00000060       0xb0 src/ASF/sam0/drivers/events/events_sam_l_c/events.o
 .debug_ranges  0x00000110       0x60 src/ASF/sam0/drivers/extint/extint_callback.o
 .debug_ranges  0x00000170       0x60 src/ASF/sam0/drivers/extint/extint_sam_l_c/extint.o
 .debug_ranges  0x000001d0       0xc0 src/ASF/sam0/drivers/sercom/i2c/i2c_sam0/i2c_master.o
 .debug_ranges  0x00000290       0x48 src/ASF/sam0/drivers/sercom/sercom.o
 .debug_ranges  0x000002d8       0x20 src/HAL.o
 .debug_ranges  0x000002f8       0x40 src/SP1ML.o
 .debug_ranges  0x00000338      0x128 src/ASF/sam0/drivers/sercom/usart/usart.o
 .debug_ranges  0x00000460       0x10 src/ASF/common2/boards/user_board/init.o
 .debug_ranges  0x00000470       0x18 src/ASF/common/utils/interrupt/interrupt_sam_nvic.o
 .debug_ranges  0x00000488       0x70 src/ASF/sam0/drivers/system/clock/clock_saml21/clock.o
 .debug_ranges  0x000004f8       0x70 src/ASF/sam0/drivers/system/clock/clock_saml21/gclk.o
 .debug_ranges  0x00000568       0x30 src/ASF/sam0/drivers/system/pinmux/pinmux.o
 .debug_ranges  0x00000598       0x18 src/ASF/sam0/drivers/system/system.o
 .debug_ranges  0x000005b0       0x18 src/ASF/sam0/utils/cmsis/saml21/source/gcc/startup_saml21.o
 .debug_ranges  0x000005c8       0x50 src/ASF/sam0/utils/syscalls/gcc/syscalls.o
 .debug_ranges  0x00000618       0x18 src/main.o

.debug_macro    0x00000000    0x1bdf3
 .debug_macro   0x00000000      0x66f src/ADT7420.o
 .debug_macro   0x0000066f      0x856 src/ADT7420.o
 .debug_macro   0x00000ec5      0x166 src/ADT7420.o
 .debug_macro   0x0000102b      0x621 src/ADT7420.o
 .debug_macro   0x0000164c       0x22 src/ADT7420.o
 .debug_macro   0x0000166e       0x44 src/ADT7420.o
 .debug_macro   0x000016b2       0x58 src/ADT7420.o
 .debug_macro   0x0000170a       0x22 src/ADT7420.o
 .debug_macro   0x0000172c      0x1df src/ADT7420.o
 .debug_macro   0x0000190b       0x10 src/ADT7420.o
 .debug_macro   0x0000191b       0x76 src/ADT7420.o
 .debug_macro   0x00001991       0x16 src/ADT7420.o
 .debug_macro   0x000019a7      0x6e5 src/ADT7420.o
 .debug_macro   0x0000208c      0xde2 src/ADT7420.o
 .debug_macro   0x00002e6e       0x22 src/ADT7420.o
 .debug_macro   0x00002e90       0x40 src/ADT7420.o
 .debug_macro   0x00002ed0       0x3a src/ADT7420.o
 .debug_macro   0x00002f0a       0x1f src/ADT7420.o
 .debug_macro   0x00002f29      0x250 src/ADT7420.o
 .debug_macro   0x00003179      0x71a src/ADT7420.o
 .debug_macro   0x00003893      0x979 src/ADT7420.o
 .debug_macro   0x0000420c      0x2b8 src/ADT7420.o
 .debug_macro   0x000044c4      0x226 src/ADT7420.o
 .debug_macro   0x000046ea      0x4dd src/ADT7420.o
 .debug_macro   0x00004bc7      0xd24 src/ADT7420.o
 .debug_macro   0x000058eb      0x5b8 src/ADT7420.o
 .debug_macro   0x00005ea3      0x5c3 src/ADT7420.o
 .debug_macro   0x00006466      0x832 src/ADT7420.o
 .debug_macro   0x00006c98      0x297 src/ADT7420.o
 .debug_macro   0x00006f2f      0x5de src/ADT7420.o
 .debug_macro   0x0000750d      0x225 src/ADT7420.o
 .debug_macro   0x00007732      0x7a3 src/ADT7420.o
 .debug_macro   0x00007ed5      0x174 src/ADT7420.o
 .debug_macro   0x00008049      0x719 src/ADT7420.o
 .debug_macro   0x00008762      0x293 src/ADT7420.o
 .debug_macro   0x000089f5      0x702 src/ADT7420.o
 .debug_macro   0x000090f7      0x2e3 src/ADT7420.o
 .debug_macro   0x000093da      0x3cb src/ADT7420.o
 .debug_macro   0x000097a5      0x1ae src/ADT7420.o
 .debug_macro   0x00009953     0x122b src/ADT7420.o
 .debug_macro   0x0000ab7e      0xf4e src/ADT7420.o
 .debug_macro   0x0000bacc      0x873 src/ADT7420.o
 .debug_macro   0x0000c33f      0xa39 src/ADT7420.o
 .debug_macro   0x0000cd78      0x8bc src/ADT7420.o
 .debug_macro   0x0000d634     0x19cc src/ADT7420.o
 .debug_macro   0x0000f000       0xea src/ADT7420.o
 .debug_macro   0x0000f0ea     0x13b0 src/ADT7420.o
 .debug_macro   0x0001049a      0x378 src/ADT7420.o
 .debug_macro   0x00010812       0x7c src/ADT7420.o
 .debug_macro   0x0001088e       0xac src/ADT7420.o
 .debug_macro   0x0001093a       0xca src/ADT7420.o
 .debug_macro   0x00010a04       0x4c src/ADT7420.o
 .debug_macro   0x00010a50       0x94 src/ADT7420.o
 .debug_macro   0x00010ae4       0xd6 src/ADT7420.o
 .debug_macro   0x00010bba       0xb2 src/ADT7420.o
 .debug_macro   0x00010c6c       0x64 src/ADT7420.o
 .debug_macro   0x00010cd0      0x5d5 src/ADT7420.o
 .debug_macro   0x000112a5      0x1ab src/ADT7420.o
 .debug_macro   0x00011450       0x70 src/ADT7420.o
 .debug_macro   0x000114c0       0xa0 src/ADT7420.o
 .debug_macro   0x00011560       0xc4 src/ADT7420.o
 .debug_macro   0x00011624       0x28 src/ADT7420.o
 .debug_macro   0x0001164c       0xa0 src/ADT7420.o
 .debug_macro   0x000116ec       0x40 src/ADT7420.o
 .debug_macro   0x0001172c       0x7c src/ADT7420.o
 .debug_macro   0x000117a8       0x40 src/ADT7420.o
 .debug_macro   0x000117e8      0x178 src/ADT7420.o
 .debug_macro   0x00011960       0x34 src/ADT7420.o
 .debug_macro   0x00011994       0xee src/ADT7420.o
 .debug_macro   0x00011a82      0x136 src/ADT7420.o
 .debug_macro   0x00011bb8      0x136 src/ADT7420.o
 .debug_macro   0x00011cee      0x136 src/ADT7420.o
 .debug_macro   0x00011e24      0x136 src/ADT7420.o
 .debug_macro   0x00011f5a      0x136 src/ADT7420.o
 .debug_macro   0x00012090      0x136 src/ADT7420.o
 .debug_macro   0x000121c6       0x5e src/ADT7420.o
 .debug_macro   0x00012224      0x1a6 src/ADT7420.o
 .debug_macro   0x000123ca       0xfa src/ADT7420.o
 .debug_macro   0x000124c4       0xfa src/ADT7420.o
 .debug_macro   0x000125be       0xfa src/ADT7420.o
 .debug_macro   0x000126b8      0x124 src/ADT7420.o
 .debug_macro   0x000127dc       0xfa src/ADT7420.o
 .debug_macro   0x000128d6       0xee src/ADT7420.o
 .debug_macro   0x000129c4       0x2e src/ADT7420.o
 .debug_macro   0x000129f2      0x408 src/ADT7420.o
 .debug_macro   0x00012dfa       0x3a src/ADT7420.o
 .debug_macro   0x00012e34      0x417 src/ADT7420.o
 .debug_macro   0x0001324b     0x1324 src/ADT7420.o
 .debug_macro   0x0001456f       0x90 src/ADT7420.o
 .debug_macro   0x000145ff       0x58 src/ADT7420.o
 .debug_macro   0x00014657       0x35 src/ADT7420.o
 .debug_macro   0x0001468c       0x9c src/ADT7420.o
 .debug_macro   0x00014728       0x16 src/ADT7420.o
 .debug_macro   0x0001473e       0x35 src/ADT7420.o
 .debug_macro   0x00014773      0x29d src/ADT7420.o
 .debug_macro   0x00014a10       0x10 src/ADT7420.o
 .debug_macro   0x00014a20       0x52 src/ADT7420.o
 .debug_macro   0x00014a72       0x16 src/ADT7420.o
 .debug_macro   0x00014a88       0x43 src/ADT7420.o
 .debug_macro   0x00014acb      0x180 src/ADT7420.o
 .debug_macro   0x00014c4b       0x10 src/ADT7420.o
 .debug_macro   0x00014c5b       0x22 src/ADT7420.o
 .debug_macro   0x00014c7d       0xbe src/ADT7420.o
 .debug_macro   0x00014d3b       0x16 src/ADT7420.o
 .debug_macro   0x00014d51      0x197 src/ADT7420.o
 .debug_macro   0x00014ee8       0x16 src/ADT7420.o
 .debug_macro   0x00014efe       0x16 src/ADT7420.o
 .debug_macro   0x00014f14       0x29 src/ADT7420.o
 .debug_macro   0x00014f3d       0x51 src/ADT7420.o
 .debug_macro   0x00014f8e       0x3f src/ADT7420.o
 .debug_macro   0x00014fcd      0x3df src/ADT7420.o
 .debug_macro   0x000153ac       0x27 src/ADT7420.o
 .debug_macro   0x000153d3       0x18 src/ADT7420.o
 .debug_macro   0x000153eb       0x12 src/ADT7420.o
 .debug_macro   0x000153fd      0x279 src/ADT7420.o
 .debug_macro   0x00015676       0x18 src/ADT7420.o
 .debug_macro   0x0001568e       0x2e src/ADT7420.o
 .debug_macro   0x000156bc       0xb2 src/ADT7420.o
 .debug_macro   0x0001576e       0x10 src/ADT7420.o
 .debug_macro   0x0001577e       0x27 src/ADT7420.o
 .debug_macro   0x000157a5       0x50 src/ADT7420.o
 .debug_macro   0x000157f5       0x10 src/ADT7420.o
 .debug_macro   0x00015805       0x94 src/ADT7420.o
 .debug_macro   0x00015899       0x1c src/ADT7420.o
 .debug_macro   0x000158b5      0x54a src/ASF/sam0/drivers/events/events_hooks.o
 .debug_macro   0x00015dff      0x579 src/ASF/sam0/drivers/events/events_sam_l_c/events.o
 .debug_macro   0x00016378      0x51f src/ASF/sam0/drivers/extint/extint_callback.o
 .debug_macro   0x00016897      0x57b src/ASF/sam0/drivers/extint/extint_sam_l_c/extint.o
 .debug_macro   0x00016e12       0x18 src/ASF/sam0/drivers/extint/extint_sam_l_c/extint.o
 .debug_macro   0x00016e2a       0x16 src/ASF/sam0/drivers/extint/extint_sam_l_c/extint.o
 .debug_macro   0x00016e40      0x58f src/ASF/sam0/drivers/sercom/i2c/i2c_sam0/i2c_master.o
 .debug_macro   0x000173cf      0x589 src/ASF/sam0/drivers/sercom/sercom.o
 .debug_macro   0x00017958      0x66f src/HAL.o
 .debug_macro   0x00017fc7      0x670 src/SP1ML.o
 .debug_macro   0x00018637      0x581 src/ASF/sam0/drivers/sercom/usart/usart.o
 .debug_macro   0x00018bb8       0x51 src/ASF/sam0/drivers/sercom/usart/usart.o
 .debug_macro   0x00018c09      0x645 src/ASF/common2/boards/user_board/init.o
 .debug_macro   0x0001924e      0x4fa src/ASF/common/utils/interrupt/interrupt_sam_nvic.o
 .debug_macro   0x00019748      0x561 src/ASF/sam0/drivers/system/clock/clock_saml21/clock.o
 .debug_macro   0x00019ca9      0x29e src/ASF/sam0/drivers/system/clock/clock_saml21/clock.o
 .debug_macro   0x00019f47      0x531 src/ASF/sam0/drivers/system/clock/clock_saml21/gclk.o
 .debug_macro   0x0001a478      0x50a src/ASF/sam0/drivers/system/pinmux/pinmux.o
 .debug_macro   0x0001a982       0x12 src/ASF/sam0/drivers/system/pinmux/pinmux.o
 .debug_macro   0x0001a994      0x53f src/ASF/sam0/drivers/system/system.o
 .debug_macro   0x0001aed3      0x34e src/ASF/sam0/utils/cmsis/saml21/source/gcc/startup_saml21.o
 .debug_macro   0x0001b221       0x3a src/ASF/sam0/utils/cmsis/saml21/source/gcc/startup_saml21.o
 .debug_macro   0x0001b25b      0x169 src/ASF/sam0/utils/syscalls/gcc/syscalls.o
 .debug_macro   0x0001b3c4       0x4a src/ASF/sam0/utils/syscalls/gcc/syscalls.o
 .debug_macro   0x0001b40e       0x97 src/ASF/sam0/utils/syscalls/gcc/syscalls.o
 .debug_macro   0x0001b4a5       0xef src/ASF/sam0/utils/syscalls/gcc/syscalls.o
 .debug_macro   0x0001b594       0x52 src/ASF/sam0/utils/syscalls/gcc/syscalls.o
 .debug_macro   0x0001b5e6       0x16 src/ASF/sam0/utils/syscalls/gcc/syscalls.o
 .debug_macro   0x0001b5fc       0x10 src/ASF/sam0/utils/syscalls/gcc/syscalls.o
 .debug_macro   0x0001b60c       0x10 src/ASF/sam0/utils/syscalls/gcc/syscalls.o
 .debug_macro   0x0001b61c       0x10 src/ASF/sam0/utils/syscalls/gcc/syscalls.o
 .debug_macro   0x0001b62c       0x35 src/ASF/sam0/utils/syscalls/gcc/syscalls.o
 .debug_macro   0x0001b661      0x122 src/ASF/sam0/utils/syscalls/gcc/syscalls.o
 .debug_macro   0x0001b783      0x670 src/main.o

.debug_line     0x00000000     0xd528
 .debug_line    0x00000000      0xd7e src/ADT7420.o
 .debug_line    0x00000d7e      0xa3d src/ASF/sam0/drivers/events/events_hooks.o
 .debug_line    0x000017bb      0xc59 src/ASF/sam0/drivers/events/events_sam_l_c/events.o
 .debug_line    0x00002414      0x9b7 src/ASF/sam0/drivers/extint/extint_callback.o
 .debug_line    0x00002dcb      0xc28 src/ASF/sam0/drivers/extint/extint_sam_l_c/extint.o
 .debug_line    0x000039f3      0xdb0 src/ASF/sam0/drivers/sercom/i2c/i2c_sam0/i2c_master.o
 .debug_line    0x000047a3      0xba8 src/ASF/sam0/drivers/sercom/sercom.o
 .debug_line    0x0000534b      0xd9a src/HAL.o
 .debug_line    0x000060e5      0xef2 src/SP1ML.o
 .debug_line    0x00006fd7      0xccc src/ASF/sam0/drivers/sercom/usart/usart.o
 .debug_line    0x00007ca3      0xcc4 src/ASF/common2/boards/user_board/init.o
 .debug_line    0x00008967      0x8c2 src/ASF/common/utils/interrupt/interrupt_sam_nvic.o
 .debug_line    0x00009229      0xc97 src/ASF/sam0/drivers/system/clock/clock_saml21/clock.o
 .debug_line    0x00009ec0      0xbf0 src/ASF/sam0/drivers/system/clock/clock_saml21/gclk.o
 .debug_line    0x0000aab0      0x934 src/ASF/sam0/drivers/system/pinmux/pinmux.o
 .debug_line    0x0000b3e4      0x9d2 src/ASF/sam0/drivers/system/system.o
 .debug_line    0x0000bdb6      0x6b7 src/ASF/sam0/utils/cmsis/saml21/source/gcc/startup_saml21.o
 .debug_line    0x0000c46d      0x398 src/ASF/sam0/utils/syscalls/gcc/syscalls.o
 .debug_line    0x0000c805      0xd23 src/main.o

.debug_str      0x00000000    0x91ee7
 .debug_str     0x00000000    0x8b7e2 src/ADT7420.o
                              0x8bea2 (size before relaxing)
 .debug_str     0x0008b7e2      0x923 src/ASF/sam0/drivers/events/events_hooks.o
                              0x8a026 (size before relaxing)
 .debug_str     0x0008c105      0x6d6 src/ASF/sam0/drivers/events/events_sam_l_c/events.o
                              0x8a456 (size before relaxing)
 .debug_str     0x0008c7db      0x2f7 src/ASF/sam0/drivers/extint/extint_callback.o
                              0x89889 (size before relaxing)
 .debug_str     0x0008cad2      0x410 src/ASF/sam0/drivers/extint/extint_sam_l_c/extint.o
                              0x8a8a0 (size before relaxing)
 .debug_str     0x0008cee2      0x885 src/ASF/sam0/drivers/sercom/i2c/i2c_sam0/i2c_master.o
                              0x8b255 (size before relaxing)
 .debug_str     0x0008d767      0x3b6 src/ASF/sam0/drivers/sercom/sercom.o
                              0x8a89e (size before relaxing)
 .debug_str     0x0008db1d      0x8ec src/HAL.o
                              0x8c9ec (size before relaxing)
 .debug_str     0x0008e409      0x15c src/SP1ML.o
                              0x8bf52 (size before relaxing)
 .debug_str     0x0008e565      0x107 src/ASF/sam0/drivers/sercom/usart/usart.o
                              0x8b458 (size before relaxing)
 .debug_str     0x0008e66c       0x3e src/ASF/common2/boards/user_board/init.o
                              0x8a472 (size before relaxing)
 .debug_str     0x0008e6aa       0x9b src/ASF/common/utils/interrupt/interrupt_sam_nvic.o
                              0x8921c (size before relaxing)
 .debug_str     0x0008e745     0x2781 src/ASF/sam0/drivers/system/clock/clock_saml21/clock.o
                              0x8c72b (size before relaxing)
 .debug_str     0x00090ec6      0x236 src/ASF/sam0/drivers/system/clock/clock_saml21/gclk.o
                              0x89e92 (size before relaxing)
 .debug_str     0x000910fc      0x156 src/ASF/sam0/drivers/system/pinmux/pinmux.o
                              0x8971c (size before relaxing)
 .debug_str     0x00091252       0x47 src/ASF/sam0/drivers/system/system.o
                              0x892ac (size before relaxing)
 .debug_str     0x00091299      0x3a8 src/ASF/sam0/utils/cmsis/saml21/source/gcc/startup_saml21.o
                              0x752ff (size before relaxing)
 .debug_str     0x00091641      0x850 src/ASF/sam0/utils/syscalls/gcc/syscalls.o
                               0x602e (size before relaxing)
 .debug_str     0x00091e91       0x56 src/main.o
                              0x8bb4c (size before relaxing)

.debug_frame    0x00000000     0x112c
 .debug_frame   0x00000000       0x50 src/ADT7420.o
 .debug_frame   0x00000050       0xb8 src/ASF/sam0/drivers/events/events_hooks.o
 .debug_frame   0x00000108      0x100 src/ASF/sam0/drivers/events/events_sam_l_c/events.o
 .debug_frame   0x00000208       0x7c src/ASF/sam0/drivers/extint/extint_callback.o
 .debug_frame   0x00000284       0xc8 src/ASF/sam0/drivers/extint/extint_sam_l_c/extint.o
 .debug_frame   0x0000034c      0x1e4 src/ASF/sam0/drivers/sercom/i2c/i2c_sam0/i2c_master.o
 .debug_frame   0x00000530       0x9c src/ASF/sam0/drivers/sercom/sercom.o
 .debug_frame   0x000005cc       0x58 src/HAL.o
 .debug_frame   0x00000624       0xd8 src/SP1ML.o
 .debug_frame   0x000006fc       0xac src/ASF/sam0/drivers/sercom/usart/usart.o
 .debug_frame   0x000007a8       0x20 src/ASF/common2/boards/user_board/init.o
 .debug_frame   0x000007c8       0x30 src/ASF/common/utils/interrupt/interrupt_sam_nvic.o
 .debug_frame   0x000007f8      0x170 src/ASF/sam0/drivers/system/clock/clock_saml21/clock.o
 .debug_frame   0x00000968      0x150 src/ASF/sam0/drivers/system/clock/clock_saml21/gclk.o
 .debug_frame   0x00000ab8       0x98 src/ASF/sam0/drivers/system/pinmux/pinmux.o
 .debug_frame   0x00000b50       0x38 src/ASF/sam0/drivers/system/system.o
 .debug_frame   0x00000b88       0x38 src/ASF/sam0/utils/cmsis/saml21/source/gcc/startup_saml21.o
 .debug_frame   0x00000bc0       0xa8 src/ASF/sam0/utils/syscalls/gcc/syscalls.o
 .debug_frame   0x00000c68       0x40 src/main.o
 .debug_frame   0x00000ca8       0x20 c:/program files (x86)/atmel/studio/7.0/toolchain/arm/arm-gnu-toolchain/bin/../lib/gcc/arm-none-eabi/4.9.3/armv6-m\libgcc.a(_udivsi3.o)
 .debug_frame   0x00000cc8       0x20 c:/program files (x86)/atmel/studio/7.0/toolchain/arm/arm-gnu-toolchain/bin/../lib/gcc/arm-none-eabi/4.9.3/armv6-m\libgcc.a(_divsi3.o)
 .debug_frame   0x00000ce8       0x34 c:/program files (x86)/atmel/studio/7.0/toolchain/arm/arm-gnu-toolchain/bin/../lib/gcc/arm-none-eabi/4.9.3/armv6-m\libgcc.a(_muldi3.o)
 .debug_frame   0x00000d1c       0x2c c:/program files (x86)/atmel/studio/7.0/toolchain/arm/arm-gnu-toolchain/bin/../lib/gcc/arm-none-eabi/4.9.3/../../../../arm-none-eabi/lib/armv6-m\libc_nano.a(lib_a-init.o)
 .debug_frame   0x00000d48       0x28 c:/program files (x86)/atmel/studio/7.0/toolchain/arm/arm-gnu-toolchain/bin/../lib/gcc/arm-none-eabi/4.9.3/../../../../arm-none-eabi/lib/armv6-m\libc_nano.a(lib_a-memcpy.o)
 .debug_frame   0x00000d70       0x50 c:/program files (x86)/atmel/studio/7.0/toolchain/arm/arm-gnu-toolchain/bin/../lib/gcc/arm-none-eabi/4.9.3/../../../../arm-none-eabi/lib/armv6-m\libc_nano.a(lib_a-sprintf.o)
 .debug_frame   0x00000dc0      0x140 c:/program files (x86)/atmel/studio/7.0/toolchain/arm/arm-gnu-toolchain/bin/../lib/gcc/arm-none-eabi/4.9.3/../../../../arm-none-eabi/lib/armv6-m\libc_nano.a(lib_a-findfp.o)
 .debug_frame   0x00000f00       0x2c c:/program files (x86)/atmel/studio/7.0/toolchain/arm/arm-gnu-toolchain/bin/../lib/gcc/arm-none-eabi/4.9.3/../../../../arm-none-eabi/lib/armv6-m\libc_nano.a(lib_a-nano-mallocr.o)
 .debug_frame   0x00000f2c       0x74 c:/program files (x86)/atmel/studio/7.0/toolchain/arm/arm-gnu-toolchain/bin/../lib/gcc/arm-none-eabi/4.9.3/../../../../arm-none-eabi/lib/armv6-m\libc_nano.a(lib_a-nano-svfprintf.o)
 .debug_frame   0x00000fa0       0x54 c:/program files (x86)/atmel/studio/7.0/toolchain/arm/arm-gnu-toolchain/bin/../lib/gcc/arm-none-eabi/4.9.3/../../../../arm-none-eabi/lib/armv6-m\libc_nano.a(lib_a-nano-vfprintf_i.o)
 .debug_frame   0x00000ff4       0x2c c:/program files (x86)/atmel/studio/7.0/toolchain/arm/arm-gnu-toolchain/bin/../lib/gcc/arm-none-eabi/4.9.3/../../../../arm-none-eabi/lib/armv6-m\libc_nano.a(lib_a-sbrkr.o)
 .debug_frame   0x00001020       0x20 c:/program files (x86)/atmel/studio/7.0/toolchain/arm/arm-gnu-toolchain/bin/../lib/gcc/arm-none-eabi/4.9.3/../../../../arm-none-eabi/lib/armv6-m\libc_nano.a(lib_a-memchr.o)
 .debug_frame   0x00001040       0x28 c:/program files (x86)/atmel/studio/7.0/toolchain/arm/arm-gnu-toolchain/bin/../lib/gcc/arm-none-eabi/4.9.3/../../../../arm-none-eabi/lib/armv6-m\libc_nano.a(lib_a-memmove.o)
 .debug_frame   0x00001068       0x2c c:/program files (x86)/atmel/studio/7.0/toolchain/arm/arm-gnu-toolchain/bin/../lib/gcc/arm-none-eabi/4.9.3/../../../../arm-none-eabi/lib/armv6-m\libc_nano.a(lib_a-nano-freer.o)
 .debug_frame   0x00001094       0x30 c:/program files (x86)/atmel/studio/7.0/toolchain/arm/arm-gnu-toolchain/bin/../lib/gcc/arm-none-eabi/4.9.3/../../../../arm-none-eabi/lib/armv6-m\libc_nano.a(lib_a-nano-reallocr.o)
 .debug_frame   0x000010c4       0x48 c:/program files (x86)/atmel/studio/7.0/toolchain/arm/arm-gnu-toolchain/bin/../lib/gcc/arm-none-eabi/4.9.3/../../../../arm-none-eabi/lib/armv6-m\libc_nano.a(lib_a-reent.o)
 .debug_frame   0x0000110c       0x20 c:/program files (x86)/atmel/studio/7.0/toolchain/arm/arm-gnu-toolchain/bin/../lib/gcc/arm-none-eabi/4.9.3/../../../../arm-none-eabi/lib/armv6-m\libc_nano.a(lib_a-nano-msizer.o)

Cross Reference Table

Symbol                                            File
AC_Handler                                        src/ASF/sam0/utils/cmsis/saml21/source/gcc/startup_saml21.o
ADC_Handler                                       src/ASF/sam0/utils/cmsis/saml21/source/gcc/startup_saml21.o
ADT7420_read_temp                                 src/ADT7420.o
                                                  src/main.o
AES_Handler                                       src/ASF/sam0/utils/cmsis/saml21/source/gcc/startup_saml21.o
DAC_Handler                                       src/ASF/sam0/utils/cmsis/saml21/source/gcc/startup_saml21.o
DMAC_Handler                                      src/ASF/sam0/utils/cmsis/saml21/source/gcc/startup_saml21.o
Dummy_Handler                                     src/ASF/sam0/utils/cmsis/saml21/source/gcc/startup_saml21.o
EIC_Handler                                       src/ASF/sam0/drivers/extint/extint_callback.o
EVSYS_Handler                                     src/ASF/sam0/drivers/events/events_hooks.o
HardFault_Handler                                 src/ASF/sam0/utils/cmsis/saml21/source/gcc/startup_saml21.o
NMI_Handler                                       src/ASF/sam0/utils/cmsis/saml21/source/gcc/startup_saml21.o
NVMCTRL_Handler                                   src/ASF/sam0/utils/cmsis/saml21/source/gcc/startup_saml21.o
PTC_Handler                                       src/ASF/sam0/utils/cmsis/saml21/source/gcc/startup_saml21.o
PendSV_Handler                                    src/ASF/sam0/utils/cmsis/saml21/source/gcc/startup_saml21.o
RTC_Handler                                       src/ASF/sam0/utils/cmsis/saml21/source/gcc/startup_saml21.o
Reset_Handler                                     src/ASF/sam0/utils/cmsis/saml21/source/gcc/startup_saml21.o
SERCOM0_Handler                                   src/ASF/sam0/utils/cmsis/saml21/source/gcc/startup_saml21.o
SERCOM1_Handler                                   src/ASF/sam0/utils/cmsis/saml21/source/gcc/startup_saml21.o
SERCOM2_Handler                                   src/ASF/sam0/utils/cmsis/saml21/source/gcc/startup_saml21.o
SERCOM3_Handler                                   src/ASF/sam0/utils/cmsis/saml21/source/gcc/startup_saml21.o
SERCOM4_Handler                                   src/ASF/sam0/utils/cmsis/saml21/source/gcc/startup_saml21.o
SERCOM5_Handler                                   src/ASF/sam0/utils/cmsis/saml21/source/gcc/startup_saml21.o
SP1ML_enter_cmd_mode                              src/SP1ML.o
SP1ML_enter_op_mode                               src/SP1ML.o
SP1ML_set_baud                                    src/SP1ML.o
SP1ML_set_output_power                            src/SP1ML.o
SP1ML_transmit_data                               src/SP1ML.o
                                                  src/ADT7420.o
SP1ML_transmit_debug                              src/SP1ML.o
SVC_Handler                                       src/ASF/sam0/utils/cmsis/saml21/source/gcc/startup_saml21.o
SYSTEM_Handler                                    src/ASF/sam0/utils/cmsis/saml21/source/gcc/startup_saml21.o
SysTick_Handler                                   src/ASF/sam0/utils/cmsis/saml21/source/gcc/startup_saml21.o
SystemCoreClock                                   src/ASF/sam0/utils/cmsis/saml21/source/system_saml21.o
SystemCoreClockUpdate                             src/ASF/sam0/utils/cmsis/saml21/source/system_saml21.o
SystemInit                                        src/ASF/sam0/utils/cmsis/saml21/source/system_saml21.o
TC0_Handler                                       src/ASF/sam0/utils/cmsis/saml21/source/gcc/startup_saml21.o
TC1_Handler                                       src/ASF/sam0/utils/cmsis/saml21/source/gcc/startup_saml21.o
TC4_Handler                                       src/ASF/sam0/utils/cmsis/saml21/source/gcc/startup_saml21.o
TCC0_Handler                                      src/ASF/sam0/utils/cmsis/saml21/source/gcc/startup_saml21.o
TCC1_Handler                                      src/ASF/sam0/utils/cmsis/saml21/source/gcc/startup_saml21.o
TCC2_Handler                                      src/ASF/sam0/utils/cmsis/saml21/source/gcc/startup_saml21.o
TRNG_Handler                                      src/ASF/sam0/utils/cmsis/saml21/source/gcc/startup_saml21.o
USB_Handler                                       src/ASF/sam0/utils/cmsis/saml21/source/gcc/startup_saml21.o
WDT_Handler                                       src/ASF/sam0/utils/cmsis/saml21/source/gcc/startup_saml21.o
_Jv_RegisterClasses                               c:/program files (x86)/atmel/studio/7.0/toolchain/arm/arm-gnu-toolchain/bin/../lib/gcc/arm-none-eabi/4.9.3/armv6-m/crtbegin.o
__aeabi_idiv                                      c:/program files (x86)/atmel/studio/7.0/toolchain/arm/arm-gnu-toolchain/bin/../lib/gcc/arm-none-eabi/4.9.3/armv6-m\libgcc.a(_divsi3.o)
                                                  c:/program files (x86)/atmel/studio/7.0/toolchain/arm/arm-gnu-toolchain/bin/../lib/gcc/arm-none-eabi/4.9.3/../../../../arm-none-eabi/lib/armv6-m\libc_nano.a(lib_a-fvwrite.o)
                                                  src/ASF/sam0/drivers/sercom/i2c/i2c_sam0/i2c_master.o
__aeabi_idiv0                                     c:/program files (x86)/atmel/studio/7.0/toolchain/arm/arm-gnu-toolchain/bin/../lib/gcc/arm-none-eabi/4.9.3/armv6-m\libgcc.a(_dvmd_tls.o)
                                                  c:/program files (x86)/atmel/studio/7.0/toolchain/arm/arm-gnu-toolchain/bin/../lib/gcc/arm-none-eabi/4.9.3/armv6-m\libgcc.a(_divsi3.o)
                                                  c:/program files (x86)/atmel/studio/7.0/toolchain/arm/arm-gnu-toolchain/bin/../lib/gcc/arm-none-eabi/4.9.3/armv6-m\libgcc.a(_udivsi3.o)
__aeabi_idivmod                                   c:/program files (x86)/atmel/studio/7.0/toolchain/arm/arm-gnu-toolchain/bin/../lib/gcc/arm-none-eabi/4.9.3/armv6-m\libgcc.a(_divsi3.o)
__aeabi_ldiv0                                     c:/program files (x86)/atmel/studio/7.0/toolchain/arm/arm-gnu-toolchain/bin/../lib/gcc/arm-none-eabi/4.9.3/armv6-m\libgcc.a(_dvmd_tls.o)
__aeabi_lmul                                      c:/program files (x86)/atmel/studio/7.0/toolchain/arm/arm-gnu-toolchain/bin/../lib/gcc/arm-none-eabi/4.9.3/armv6-m\libgcc.a(_muldi3.o)
                                                  src/ASF/sam0/drivers/sercom/sercom.o
__aeabi_uidiv                                     c:/program files (x86)/atmel/studio/7.0/toolchain/arm/arm-gnu-toolchain/bin/../lib/gcc/arm-none-eabi/4.9.3/armv6-m\libgcc.a(_udivsi3.o)
                                                  c:/program files (x86)/atmel/studio/7.0/toolchain/arm/arm-gnu-toolchain/bin/../lib/gcc/arm-none-eabi/4.9.3/../../../../arm-none-eabi/lib/armv6-m\libc_nano.a(lib_a-nano-vfprintf_i.o)
                                                  src/ASF/sam0/drivers/system/clock/clock_saml21/gclk.o
                                                  src/ASF/sam0/drivers/system/clock/clock_saml21/clock.o
                                                  src/ASF/sam0/drivers/sercom/i2c/i2c_sam0/i2c_master.o
__aeabi_uidivmod                                  c:/program files (x86)/atmel/studio/7.0/toolchain/arm/arm-gnu-toolchain/bin/../lib/gcc/arm-none-eabi/4.9.3/armv6-m\libgcc.a(_udivsi3.o)
                                                  c:/program files (x86)/atmel/studio/7.0/toolchain/arm/arm-gnu-toolchain/bin/../lib/gcc/arm-none-eabi/4.9.3/../../../../arm-none-eabi/lib/armv6-m\libc_nano.a(lib_a-nano-vfprintf_i.o)
__bss_end__                                       c:/program files (x86)/atmel/studio/7.0/toolchain/arm/arm-gnu-toolchain/bin/../lib/gcc/arm-none-eabi/4.9.3/../../../../arm-none-eabi/lib/armv6-m/crt0.o
__bss_start__                                     c:/program files (x86)/atmel/studio/7.0/toolchain/arm/arm-gnu-toolchain/bin/../lib/gcc/arm-none-eabi/4.9.3/../../../../arm-none-eabi/lib/armv6-m/crt0.o
__call_exitprocs                                  c:/program files (x86)/atmel/studio/7.0/toolchain/arm/arm-gnu-toolchain/bin/../lib/gcc/arm-none-eabi/4.9.3/../../../../arm-none-eabi/lib/armv6-m\libc_nano.a(lib_a-exit.o)
__deregister_frame_info                           c:/program files (x86)/atmel/studio/7.0/toolchain/arm/arm-gnu-toolchain/bin/../lib/gcc/arm-none-eabi/4.9.3/armv6-m/crtbegin.o
__divsi3                                          c:/program files (x86)/atmel/studio/7.0/toolchain/arm/arm-gnu-toolchain/bin/../lib/gcc/arm-none-eabi/4.9.3/armv6-m\libgcc.a(_divsi3.o)
__dso_handle                                      c:/program files (x86)/atmel/studio/7.0/toolchain/arm/arm-gnu-toolchain/bin/../lib/gcc/arm-none-eabi/4.9.3/armv6-m/crtbegin.o
__fp_lock_all                                     c:/program files (x86)/atmel/studio/7.0/toolchain/arm/arm-gnu-toolchain/bin/../lib/gcc/arm-none-eabi/4.9.3/../../../../arm-none-eabi/lib/armv6-m\libc_nano.a(lib_a-findfp.o)
__fp_unlock_all                                   c:/program files (x86)/atmel/studio/7.0/toolchain/arm/arm-gnu-toolchain/bin/../lib/gcc/arm-none-eabi/4.9.3/../../../../arm-none-eabi/lib/armv6-m\libc_nano.a(lib_a-findfp.o)
__init_array_end                                  c:/program files (x86)/atmel/studio/7.0/toolchain/arm/arm-gnu-toolchain/bin/../lib/gcc/arm-none-eabi/4.9.3/../../../../arm-none-eabi/lib/armv6-m\libc_nano.a(lib_a-init.o)
__init_array_start                                c:/program files (x86)/atmel/studio/7.0/toolchain/arm/arm-gnu-toolchain/bin/../lib/gcc/arm-none-eabi/4.9.3/../../../../arm-none-eabi/lib/armv6-m\libc_nano.a(lib_a-init.o)
__libc_fini_array                                 c:/program files (x86)/atmel/studio/7.0/toolchain/arm/arm-gnu-toolchain/bin/../lib/gcc/arm-none-eabi/4.9.3/../../../../arm-none-eabi/lib/armv6-m/crt0.o
__libc_init_array                                 c:/program files (x86)/atmel/studio/7.0/toolchain/arm/arm-gnu-toolchain/bin/../lib/gcc/arm-none-eabi/4.9.3/../../../../arm-none-eabi/lib/armv6-m\libc_nano.a(lib_a-init.o)
                                                  src/ASF/sam0/utils/cmsis/saml21/source/gcc/startup_saml21.o
                                                  c:/program files (x86)/atmel/studio/7.0/toolchain/arm/arm-gnu-toolchain/bin/../lib/gcc/arm-none-eabi/4.9.3/../../../../arm-none-eabi/lib/armv6-m/crt0.o
__malloc_free_list                                c:/program files (x86)/atmel/studio/7.0/toolchain/arm/arm-gnu-toolchain/bin/../lib/gcc/arm-none-eabi/4.9.3/../../../../arm-none-eabi/lib/armv6-m\libc_nano.a(lib_a-nano-mallocr.o)
                                                  c:/program files (x86)/atmel/studio/7.0/toolchain/arm/arm-gnu-toolchain/bin/../lib/gcc/arm-none-eabi/4.9.3/../../../../arm-none-eabi/lib/armv6-m\libc_nano.a(lib_a-nano-freer.o)
__malloc_sbrk_start                               c:/program files (x86)/atmel/studio/7.0/toolchain/arm/arm-gnu-toolchain/bin/../lib/gcc/arm-none-eabi/4.9.3/../../../../arm-none-eabi/lib/armv6-m\libc_nano.a(lib_a-nano-mallocr.o)
__muldi3                                          c:/program files (x86)/atmel/studio/7.0/toolchain/arm/arm-gnu-toolchain/bin/../lib/gcc/arm-none-eabi/4.9.3/armv6-m\libgcc.a(_muldi3.o)
__preinit_array_end                               c:/program files (x86)/atmel/studio/7.0/toolchain/arm/arm-gnu-toolchain/bin/../lib/gcc/arm-none-eabi/4.9.3/../../../../arm-none-eabi/lib/armv6-m\libc_nano.a(lib_a-init.o)
__preinit_array_start                             c:/program files (x86)/atmel/studio/7.0/toolchain/arm/arm-gnu-toolchain/bin/../lib/gcc/arm-none-eabi/4.9.3/../../../../arm-none-eabi/lib/armv6-m\libc_nano.a(lib_a-init.o)
__register_frame_info                             c:/program files (x86)/atmel/studio/7.0/toolchain/arm/arm-gnu-toolchain/bin/../lib/gcc/arm-none-eabi/4.9.3/armv6-m/crtbegin.o
__sclose                                          c:/program files (x86)/atmel/studio/7.0/toolchain/arm/arm-gnu-toolchain/bin/../lib/gcc/arm-none-eabi/4.9.3/../../../../arm-none-eabi/lib/armv6-m\libc_nano.a(lib_a-stdio.o)
                                                  c:/program files (x86)/atmel/studio/7.0/toolchain/arm/arm-gnu-toolchain/bin/../lib/gcc/arm-none-eabi/4.9.3/../../../../arm-none-eabi/lib/armv6-m\libc_nano.a(lib_a-findfp.o)
__seofread                                        c:/program files (x86)/atmel/studio/7.0/toolchain/arm/arm-gnu-toolchain/bin/../lib/gcc/arm-none-eabi/4.9.3/../../../../arm-none-eabi/lib/armv6-m\libc_nano.a(lib_a-stdio.o)
__sf_fake_stderr                                  c:/program files (x86)/atmel/studio/7.0/toolchain/arm/arm-gnu-toolchain/bin/../lib/gcc/arm-none-eabi/4.9.3/../../../../arm-none-eabi/lib/armv6-m\libc_nano.a(lib_a-findfp.o)
                                                  c:/program files (x86)/atmel/studio/7.0/toolchain/arm/arm-gnu-toolchain/bin/../lib/gcc/arm-none-eabi/4.9.3/../../../../arm-none-eabi/lib/armv6-m\libc_nano.a(lib_a-fflush.o)
                                                  c:/program files (x86)/atmel/studio/7.0/toolchain/arm/arm-gnu-toolchain/bin/../lib/gcc/arm-none-eabi/4.9.3/../../../../arm-none-eabi/lib/armv6-m\libc_nano.a(lib_a-wsetup.o)
                                                  c:/program files (x86)/atmel/studio/7.0/toolchain/arm/arm-gnu-toolchain/bin/../lib/gcc/arm-none-eabi/4.9.3/../../../../arm-none-eabi/lib/armv6-m\libc_nano.a(lib_a-wbuf.o)
                                                  c:/program files (x86)/atmel/studio/7.0/toolchain/arm/arm-gnu-toolchain/bin/../lib/gcc/arm-none-eabi/4.9.3/../../../../arm-none-eabi/lib/armv6-m\libc_nano.a(lib_a-nano-vfprintf.o)
                                                  c:/program files (x86)/atmel/studio/7.0/toolchain/arm/arm-gnu-toolchain/bin/../lib/gcc/arm-none-eabi/4.9.3/../../../../arm-none-eabi/lib/armv6-m\libc_nano.a(lib_a-impure.o)
__sf_fake_stdin                                   c:/program files (x86)/atmel/studio/7.0/toolchain/arm/arm-gnu-toolchain/bin/../lib/gcc/arm-none-eabi/4.9.3/../../../../arm-none-eabi/lib/armv6-m\libc_nano.a(lib_a-findfp.o)
                                                  c:/program files (x86)/atmel/studio/7.0/toolchain/arm/arm-gnu-toolchain/bin/../lib/gcc/arm-none-eabi/4.9.3/../../../../arm-none-eabi/lib/armv6-m\libc_nano.a(lib_a-fflush.o)
                                                  c:/program files (x86)/atmel/studio/7.0/toolchain/arm/arm-gnu-toolchain/bin/../lib/gcc/arm-none-eabi/4.9.3/../../../../arm-none-eabi/lib/armv6-m\libc_nano.a(lib_a-wsetup.o)
                                                  c:/program files (x86)/atmel/studio/7.0/toolchain/arm/arm-gnu-toolchain/bin/../lib/gcc/arm-none-eabi/4.9.3/../../../../arm-none-eabi/lib/armv6-m\libc_nano.a(lib_a-wbuf.o)
                                                  c:/program files (x86)/atmel/studio/7.0/toolchain/arm/arm-gnu-toolchain/bin/../lib/gcc/arm-none-eabi/4.9.3/../../../../arm-none-eabi/lib/armv6-m\libc_nano.a(lib_a-nano-vfprintf.o)
                                                  c:/program files (x86)/atmel/studio/7.0/toolchain/arm/arm-gnu-toolchain/bin/../lib/gcc/arm-none-eabi/4.9.3/../../../../arm-none-eabi/lib/armv6-m\libc_nano.a(lib_a-impure.o)
__sf_fake_stdout                                  c:/program files (x86)/atmel/studio/7.0/toolchain/arm/arm-gnu-toolchain/bin/../lib/gcc/arm-none-eabi/4.9.3/../../../../arm-none-eabi/lib/armv6-m\libc_nano.a(lib_a-findfp.o)
                                                  c:/program files (x86)/atmel/studio/7.0/toolchain/arm/arm-gnu-toolchain/bin/../lib/gcc/arm-none-eabi/4.9.3/../../../../arm-none-eabi/lib/armv6-m\libc_nano.a(lib_a-fflush.o)
                                                  c:/program files (x86)/atmel/studio/7.0/toolchain/arm/arm-gnu-toolchain/bin/../lib/gcc/arm-none-eabi/4.9.3/../../../../arm-none-eabi/lib/armv6-m\libc_nano.a(lib_a-wsetup.o)
                                                  c:/program files (x86)/atmel/studio/7.0/toolchain/arm/arm-gnu-toolchain/bin/../lib/gcc/arm-none-eabi/4.9.3/../../../../arm-none-eabi/lib/armv6-m\libc_nano.a(lib_a-wbuf.o)
                                                  c:/program files (x86)/atmel/studio/7.0/toolchain/arm/arm-gnu-toolchain/bin/../lib/gcc/arm-none-eabi/4.9.3/../../../../arm-none-eabi/lib/armv6-m\libc_nano.a(lib_a-nano-vfprintf.o)
                                                  c:/program files (x86)/atmel/studio/7.0/toolchain/arm/arm-gnu-toolchain/bin/../lib/gcc/arm-none-eabi/4.9.3/../../../../arm-none-eabi/lib/armv6-m\libc_nano.a(lib_a-impure.o)
__sflush_r                                        c:/program files (x86)/atmel/studio/7.0/toolchain/arm/arm-gnu-toolchain/bin/../lib/gcc/arm-none-eabi/4.9.3/../../../../arm-none-eabi/lib/armv6-m\libc_nano.a(lib_a-fflush.o)
__sfmoreglue                                      c:/program files (x86)/atmel/studio/7.0/toolchain/arm/arm-gnu-toolchain/bin/../lib/gcc/arm-none-eabi/4.9.3/../../../../arm-none-eabi/lib/armv6-m\libc_nano.a(lib_a-findfp.o)
__sfp                                             c:/program files (x86)/atmel/studio/7.0/toolchain/arm/arm-gnu-toolchain/bin/../lib/gcc/arm-none-eabi/4.9.3/../../../../arm-none-eabi/lib/armv6-m\libc_nano.a(lib_a-findfp.o)
__sfp_lock_acquire                                c:/program files (x86)/atmel/studio/7.0/toolchain/arm/arm-gnu-toolchain/bin/../lib/gcc/arm-none-eabi/4.9.3/../../../../arm-none-eabi/lib/armv6-m\libc_nano.a(lib_a-findfp.o)
__sfp_lock_release                                c:/program files (x86)/atmel/studio/7.0/toolchain/arm/arm-gnu-toolchain/bin/../lib/gcc/arm-none-eabi/4.9.3/../../../../arm-none-eabi/lib/armv6-m\libc_nano.a(lib_a-findfp.o)
__sfputs_r                                        c:/program files (x86)/atmel/studio/7.0/toolchain/arm/arm-gnu-toolchain/bin/../lib/gcc/arm-none-eabi/4.9.3/../../../../arm-none-eabi/lib/armv6-m\libc_nano.a(lib_a-nano-vfprintf.o)
__sfvwrite_r                                      c:/program files (x86)/atmel/studio/7.0/toolchain/arm/arm-gnu-toolchain/bin/../lib/gcc/arm-none-eabi/4.9.3/../../../../arm-none-eabi/lib/armv6-m\libc_nano.a(lib_a-fvwrite.o)
                                                  c:/program files (x86)/atmel/studio/7.0/toolchain/arm/arm-gnu-toolchain/bin/../lib/gcc/arm-none-eabi/4.9.3/../../../../arm-none-eabi/lib/armv6-m\libc_nano.a(lib_a-nano-vfprintf.o)
__sinit                                           c:/program files (x86)/atmel/studio/7.0/toolchain/arm/arm-gnu-toolchain/bin/../lib/gcc/arm-none-eabi/4.9.3/../../../../arm-none-eabi/lib/armv6-m\libc_nano.a(lib_a-findfp.o)
                                                  c:/program files (x86)/atmel/studio/7.0/toolchain/arm/arm-gnu-toolchain/bin/../lib/gcc/arm-none-eabi/4.9.3/../../../../arm-none-eabi/lib/armv6-m\libc_nano.a(lib_a-fflush.o)
                                                  c:/program files (x86)/atmel/studio/7.0/toolchain/arm/arm-gnu-toolchain/bin/../lib/gcc/arm-none-eabi/4.9.3/../../../../arm-none-eabi/lib/armv6-m\libc_nano.a(lib_a-wsetup.o)
                                                  c:/program files (x86)/atmel/studio/7.0/toolchain/arm/arm-gnu-toolchain/bin/../lib/gcc/arm-none-eabi/4.9.3/../../../../arm-none-eabi/lib/armv6-m\libc_nano.a(lib_a-wbuf.o)
                                                  c:/program files (x86)/atmel/studio/7.0/toolchain/arm/arm-gnu-toolchain/bin/../lib/gcc/arm-none-eabi/4.9.3/../../../../arm-none-eabi/lib/armv6-m\libc_nano.a(lib_a-nano-vfprintf.o)
                                                  c:/program files (x86)/atmel/studio/7.0/toolchain/arm/arm-gnu-toolchain/bin/../lib/gcc/arm-none-eabi/4.9.3/../../../../arm-none-eabi/lib/armv6-m\libc_nano.a(lib_a-printf.o)
__sinit_lock_acquire                              c:/program files (x86)/atmel/studio/7.0/toolchain/arm/arm-gnu-toolchain/bin/../lib/gcc/arm-none-eabi/4.9.3/../../../../arm-none-eabi/lib/armv6-m\libc_nano.a(lib_a-findfp.o)
__sinit_lock_release                              c:/program files (x86)/atmel/studio/7.0/toolchain/arm/arm-gnu-toolchain/bin/../lib/gcc/arm-none-eabi/4.9.3/../../../../arm-none-eabi/lib/armv6-m\libc_nano.a(lib_a-findfp.o)
__smakebuf_r                                      c:/program files (x86)/atmel/studio/7.0/toolchain/arm/arm-gnu-toolchain/bin/../lib/gcc/arm-none-eabi/4.9.3/../../../../arm-none-eabi/lib/armv6-m\libc_nano.a(lib_a-makebuf.o)
                                                  c:/program files (x86)/atmel/studio/7.0/toolchain/arm/arm-gnu-toolchain/bin/../lib/gcc/arm-none-eabi/4.9.3/../../../../arm-none-eabi/lib/armv6-m\libc_nano.a(lib_a-wsetup.o)
__sprint_r                                        c:/program files (x86)/atmel/studio/7.0/toolchain/arm/arm-gnu-toolchain/bin/../lib/gcc/arm-none-eabi/4.9.3/../../../../arm-none-eabi/lib/armv6-m\libc_nano.a(lib_a-nano-vfprintf.o)
__sread                                           c:/program files (x86)/atmel/studio/7.0/toolchain/arm/arm-gnu-toolchain/bin/../lib/gcc/arm-none-eabi/4.9.3/../../../../arm-none-eabi/lib/armv6-m\libc_nano.a(lib_a-stdio.o)
                                                  c:/program files (x86)/atmel/studio/7.0/toolchain/arm/arm-gnu-toolchain/bin/../lib/gcc/arm-none-eabi/4.9.3/../../../../arm-none-eabi/lib/armv6-m\libc_nano.a(lib_a-findfp.o)
__sseek                                           c:/program files (x86)/atmel/studio/7.0/toolchain/arm/arm-gnu-toolchain/bin/../lib/gcc/arm-none-eabi/4.9.3/../../../../arm-none-eabi/lib/armv6-m\libc_nano.a(lib_a-stdio.o)
                                                  c:/program files (x86)/atmel/studio/7.0/toolchain/arm/arm-gnu-toolchain/bin/../lib/gcc/arm-none-eabi/4.9.3/../../../../arm-none-eabi/lib/armv6-m\libc_nano.a(lib_a-findfp.o)
__ssprint_r                                       c:/program files (x86)/atmel/studio/7.0/toolchain/arm/arm-gnu-toolchain/bin/../lib/gcc/arm-none-eabi/4.9.3/../../../../arm-none-eabi/lib/armv6-m\libc_nano.a(lib_a-nano-svfprintf.o)
__ssputs_r                                        c:/program files (x86)/atmel/studio/7.0/toolchain/arm/arm-gnu-toolchain/bin/../lib/gcc/arm-none-eabi/4.9.3/../../../../arm-none-eabi/lib/armv6-m\libc_nano.a(lib_a-nano-svfprintf.o)
__stack                                           c:/program files (x86)/atmel/studio/7.0/toolchain/arm/arm-gnu-toolchain/bin/../lib/gcc/arm-none-eabi/4.9.3/../../../../arm-none-eabi/lib/armv6-m/crt0.o
__swbuf                                           c:/program files (x86)/atmel/studio/7.0/toolchain/arm/arm-gnu-toolchain/bin/../lib/gcc/arm-none-eabi/4.9.3/../../../../arm-none-eabi/lib/armv6-m\libc_nano.a(lib_a-wbuf.o)
__swbuf_r                                         c:/program files (x86)/atmel/studio/7.0/toolchain/arm/arm-gnu-toolchain/bin/../lib/gcc/arm-none-eabi/4.9.3/../../../../arm-none-eabi/lib/armv6-m\libc_nano.a(lib_a-wbuf.o)
                                                  c:/program files (x86)/atmel/studio/7.0/toolchain/arm/arm-gnu-toolchain/bin/../lib/gcc/arm-none-eabi/4.9.3/../../../../arm-none-eabi/lib/armv6-m\libc_nano.a(lib_a-nano-vfprintf.o)
__swrite                                          c:/program files (x86)/atmel/studio/7.0/toolchain/arm/arm-gnu-toolchain/bin/../lib/gcc/arm-none-eabi/4.9.3/../../../../arm-none-eabi/lib/armv6-m\libc_nano.a(lib_a-stdio.o)
                                                  c:/program files (x86)/atmel/studio/7.0/toolchain/arm/arm-gnu-toolchain/bin/../lib/gcc/arm-none-eabi/4.9.3/../../../../arm-none-eabi/lib/armv6-m\libc_nano.a(lib_a-findfp.o)
__swsetup_r                                       c:/program files (x86)/atmel/studio/7.0/toolchain/arm/arm-gnu-toolchain/bin/../lib/gcc/arm-none-eabi/4.9.3/../../../../arm-none-eabi/lib/armv6-m\libc_nano.a(lib_a-wsetup.o)
                                                  c:/program files (x86)/atmel/studio/7.0/toolchain/arm/arm-gnu-toolchain/bin/../lib/gcc/arm-none-eabi/4.9.3/../../../../arm-none-eabi/lib/armv6-m\libc_nano.a(lib_a-fvwrite.o)
                                                  c:/program files (x86)/atmel/studio/7.0/toolchain/arm/arm-gnu-toolchain/bin/../lib/gcc/arm-none-eabi/4.9.3/../../../../arm-none-eabi/lib/armv6-m\libc_nano.a(lib_a-wbuf.o)
                                                  c:/program files (x86)/atmel/studio/7.0/toolchain/arm/arm-gnu-toolchain/bin/../lib/gcc/arm-none-eabi/4.9.3/../../../../arm-none-eabi/lib/armv6-m\libc_nano.a(lib_a-nano-vfprintf.o)
__udivsi3                                         c:/program files (x86)/atmel/studio/7.0/toolchain/arm/arm-gnu-toolchain/bin/../lib/gcc/arm-none-eabi/4.9.3/armv6-m\libgcc.a(_udivsi3.o)
_cleanup                                          c:/program files (x86)/atmel/studio/7.0/toolchain/arm/arm-gnu-toolchain/bin/../lib/gcc/arm-none-eabi/4.9.3/../../../../arm-none-eabi/lib/armv6-m\libc_nano.a(lib_a-findfp.o)
_cleanup_r                                        c:/program files (x86)/atmel/studio/7.0/toolchain/arm/arm-gnu-toolchain/bin/../lib/gcc/arm-none-eabi/4.9.3/../../../../arm-none-eabi/lib/armv6-m\libc_nano.a(lib_a-findfp.o)
                                                  c:/program files (x86)/atmel/studio/7.0/toolchain/arm/arm-gnu-toolchain/bin/../lib/gcc/arm-none-eabi/4.9.3/../../../../arm-none-eabi/lib/armv6-m\libc_nano.a(lib_a-makebuf.o)
_close                                            src/ASF/sam0/utils/syscalls/gcc/syscalls.o
                                                  c:/program files (x86)/atmel/studio/7.0/toolchain/arm/arm-gnu-toolchain/bin/../lib/gcc/arm-none-eabi/4.9.3/../../../../arm-none-eabi/lib/armv6-m\libc_nano.a(lib_a-closer.o)
_close_r                                          c:/program files (x86)/atmel/studio/7.0/toolchain/arm/arm-gnu-toolchain/bin/../lib/gcc/arm-none-eabi/4.9.3/../../../../arm-none-eabi/lib/armv6-m\libc_nano.a(lib_a-closer.o)
                                                  c:/program files (x86)/atmel/studio/7.0/toolchain/arm/arm-gnu-toolchain/bin/../lib/gcc/arm-none-eabi/4.9.3/../../../../arm-none-eabi/lib/armv6-m\libc_nano.a(lib_a-stdio.o)
_current_channel                                  src/ASF/sam0/drivers/extint/extint_callback.o
_end                                              src/ASF/sam0/utils/syscalls/gcc/syscalls.o
_erelocate                                        src/ASF/sam0/utils/cmsis/saml21/source/gcc/startup_saml21.o
_estack                                           src/ASF/sam0/utils/cmsis/saml21/source/gcc/startup_saml21.o
_etext                                            src/ASF/sam0/utils/cmsis/saml21/source/gcc/startup_saml21.o
_events_find_bit_position                         src/ASF/sam0/drivers/events/events_sam_l_c/events.o
                                                  src/ASF/sam0/drivers/events/events_hooks.o
_events_inst                                      src/ASF/sam0/drivers/events/events_sam_l_c/events.o
                                                  src/ASF/sam0/drivers/events/events_hooks.o
_exit                                             src/ASF/sam0/utils/syscalls/gcc/syscalls.o
                                                  c:/program files (x86)/atmel/studio/7.0/toolchain/arm/arm-gnu-toolchain/bin/../lib/gcc/arm-none-eabi/4.9.3/../../../../arm-none-eabi/lib/armv6-m\libc_nano.a(lib_a-exit.o)
_extint_dev                                       src/ASF/sam0/drivers/extint/extint_sam_l_c/extint.o
                                                  src/ASF/sam0/drivers/extint/extint_callback.o
_ezero                                            src/ASF/sam0/utils/cmsis/saml21/source/gcc/startup_saml21.o
_fflush_r                                         c:/program files (x86)/atmel/studio/7.0/toolchain/arm/arm-gnu-toolchain/bin/../lib/gcc/arm-none-eabi/4.9.3/../../../../arm-none-eabi/lib/armv6-m\libc_nano.a(lib_a-fflush.o)
                                                  c:/program files (x86)/atmel/studio/7.0/toolchain/arm/arm-gnu-toolchain/bin/../lib/gcc/arm-none-eabi/4.9.3/../../../../arm-none-eabi/lib/armv6-m\libc_nano.a(lib_a-fvwrite.o)
                                                  c:/program files (x86)/atmel/studio/7.0/toolchain/arm/arm-gnu-toolchain/bin/../lib/gcc/arm-none-eabi/4.9.3/../../../../arm-none-eabi/lib/armv6-m\libc_nano.a(lib_a-wbuf.o)
                                                  c:/program files (x86)/atmel/studio/7.0/toolchain/arm/arm-gnu-toolchain/bin/../lib/gcc/arm-none-eabi/4.9.3/../../../../arm-none-eabi/lib/armv6-m\libc_nano.a(lib_a-findfp.o)